2025-11-17T09:48:17.210826036Z [Mon Nov 17 09:48:17.210820 2025] [proxy:debug] [pid 48:tid 125] mod_proxy.c(1527): [client XXXXXXXXXXX:54824] AH01143: Running scheme http handler (attempt 0)
2025-11-17T09:48:17.210831391Z [Mon Nov 17 09:48:17.210823 2025] [proxy_ajp:debug] [pid 48:tid 125] mod_proxy_ajp.c(780): [client XXXXXXXXXXX:54824] AH00894: declining URL http://127.0.0.1/v1/nodes?fields=uuid
2025-11-17T09:48:17.210837793Z [Mon Nov 17 09:48:17.210833 2025] [proxy:debug] [pid 48:tid 125] proxy_util.c(2539): AH00942: http: has acquired connection for (127.0.0.1)
2025-11-17T09:48:17.210843529Z [Mon Nov 17 09:48:17.210837 2025] [proxy:debug] [pid 48:tid 125] proxy_util.c(2602): [client XXXXXXXXXXX:54824] AH00944: connecting http://127.0.0.1/v1/nodes?fields=uuid to 127.0.0.1:80
2025-11-17T09:48:17.210848743Z [Mon Nov 17 09:48:17.210841 2025] [proxy:debug] [pid 48:tid 125] proxy_util.c(2638): [client XXXXXXXXXXX:54824] AH02545: http: has determined UDS as /shared/ironic.sock
2025-11-17T09:48:17.210848743Z [Mon Nov 17 09:48:17.210844 2025] [proxy:debug] [pid 48:tid 125] proxy_util.c(2828): [client XXXXXXXXXXX:54824] AH00947: connected /v1/nodes?fields=uuid to httpd-UDS:0
2025-11-17T09:48:17.219592424Z [Mon Nov 17 09:48:17.219555 2025] [proxy:debug] [pid 48:tid 125] proxy_util.c(2554): AH00943: http: has released connection for (127.0.0.1)
2025-11-17T09:48:17.219670466Z XXXXXXXXXXX - ironic-user [17/Nov/2025:09:48:17 +0000] "GET /v1/nodes?fields=uuid HTTP/1.1" 200 13 "-" "ironic-inspector keystoneauth1/5.2.0 python-requests/2.25.1 CPython/3.9.16"
2025-11-17T09:48:22.226061611Z [Mon Nov 17 09:48:22.225818 2025] [ssl:debug] [pid 48:tid 126] ssl_engine_io.c(1151): [client XXXXXXXXXXX:54824] AH02001: Connection closed to child 150 with standard shutdown (server 2620:52:0:2e1a::21:6388)
2025-11-17T09:49:17.207739856Z [Mon Nov 17 09:49:17.207357 2025] [ssl:info] [pid 48:tid 128] [client XXXXXXXXXXX:39550] AH01964: Connection to child 152 established (server 2620:52:0:2e1a::21:6388)
2025-11-17T09:49:17.207739856Z [Mon Nov 17 09:49:17.207485 2025] [ssl:debug] [pid 48:tid 128] ssl_engine_kernel.c(2337): [client XXXXXXXXXXX:39550] AH02645: Server name not provided via TLS extension (using default/first virtual host)
2025-11-17T09:49:17.209672377Z [Mon Nov 17 09:49:17.209643 2025] [ssl:debug] [pid 48:tid 128] ssl_engine_kernel.c(2167): [client XXXXXXXXXXX:39550] AH02041: Protocol: TLSv1.3, Cipher: TLS_AES_256_GCM_SHA384 (256/256 bits)
2025-11-17T09:49:17.209854099Z [Mon Nov 17 09:49:17.209830 2025] [ssl:debug] [pid 48:tid 128] ssl_engine_kernel.c(341): [client XXXXXXXXXXX:39550] AH02034: Initial (No.1) HTTPS request received for child 152 (server 2620:52:0:2e1a::21:6388)
2025-11-17T09:49:17.209884474Z [Mon Nov 17 09:49:17.209873 2025] [authz_core:debug] [pid 48:tid 128] mod_authz_core.c(815): [client XXXXXXXXXXX:39550] AH01626: authorization result of Require valid-user : denied (no authenticated user yet)
2025-11-17T09:49:17.209884474Z [Mon Nov 17 09:49:17.209879 2025] [authz_core:debug] [pid 48:tid 128] mod_authz_core.c(815): [client XXXXXXXXXXX:39550] AH01626: authorization result of <RequireAny>: denied (no authenticated user yet)
2025-11-17T09:49:17.212285304Z [Mon Nov 17 09:49:17.212267 2025] [authz_core:debug] [pid 48:tid 128] mod_authz_core.c(815): [client XXXXXXXXXXX:39550] AH01626: authorization result of Require valid-user : granted
2025-11-17T09:49:17.212285304Z [Mon Nov 17 09:49:17.212273 2025] [authz_core:debug] [pid 48:tid 128] mod_authz_core.c(815): [client XXXXXXXXXXX:39550] AH01626: authorization result of <RequireAny>: granted
2025-11-17T09:49:17.212295734Z [Mon Nov 17 09:49:17.212290 2025] [proxy:debug] [pid 48:tid 128] mod_proxy.c(1527): [client XXXXXXXXXXX:39550] AH01143: Running scheme http handler (attempt 0)
2025-11-17T09:49:17.212301022Z [Mon Nov 17 09:49:17.212293 2025] [proxy_ajp:debug] [pid 48:tid 128] mod_proxy_ajp.c(780): [client XXXXXXXXXXX:39550] AH00894: declining URL http://127.0.0.1/v1/nodes?fields=uuid
2025-11-17T09:49:17.212301022Z [Mon Nov 17 09:49:17.212297 2025] [proxy:debug] [pid 48:tid 128] proxy_util.c(2539): AH00942: http: has acquired connection for (127.0.0.1)
2025-11-17T09:49:17.212306573Z [Mon Nov 17 09:49:17.212301 2025] [proxy:debug] [pid 48:tid 128] proxy_util.c(2602): [client XXXXXXXXXXX:39550] AH00944: connecting http://127.0.0.1/v1/nodes?fields=uuid to 127.0.0.1:80
2025-11-17T09:49:17.212306573Z [Mon Nov 17 09:49:17.212304 2025] [proxy:debug] [pid 48:tid 128] proxy_util.c(2638): [client XXXXXXXXXXX:39550] AH02545: http: has determined UDS as /shared/ironic.sock
2025-11-17T09:49:17.212312008Z [Mon Nov 17 09:49:17.212307 2025] [proxy:debug] [pid 48:tid 128] proxy_util.c(2828): [client XXXXXXXXXXX:39550] AH00947: connected /v1/nodes?fields=uuid to httpd-UDS:0
2025-11-17T09:49:17.219872309Z [Mon Nov 17 09:49:17.219802 2025] [proxy:debug] [pid 48:tid 128] proxy_util.c(2554): AH00943: http: has released connection for (127.0.0.1)
2025-11-17T09:49:17.219911689Z XXXXXXXXXXX - ironic-user [17/Nov/2025:09:49:17 +0000] "GET /v1/nodes?fields=uuid HTTP/1.1" 200 13 "-" "ironic-inspector keystoneauth1/5.2.0 python-requests/2.25.1 CPython/3.9.16"
2025-11-17T09:49:22.225458057Z [Mon Nov 17 09:49:22.225328 2025] [ssl:debug] [pid 48:tid 83] ssl_engine_io.c(1151): [client XXXXXXXXXXX:39550] AH02001: Connection closed to child 129 with standard shutdown (server 2620:52:0:2e1a::21:6388)
2025-11-17T09:50:17.209610729Z [Mon Nov 17 09:50:17.209545 2025] [ssl:info] [pid 47:tid 104] [client XXXXXXXXXXX:45794] AH01964: Connection to child 80 established (server 2620:52:0:2e1a::21:6388)
2025-11-17T09:50:17.209724578Z [Mon Nov 17 09:50:17.209709 2025] [ssl:debug] [pid 47:tid 104] ssl_engine_kernel.c(2337): [client XXXXXXXXXXX:45794] AH02645: Server name not provided via TLS extension (using default/first virtual host)
2025-11-17T09:50:17.212015819Z [Mon Nov 17 09:50:17.211985 2025] [ssl:debug] [pid 47:tid 104] ssl_engine_kernel.c(2167): [client XXXXXXXXXXX:45794] AH02041: Protocol: TLSv1.3, Cipher: TLS_AES_256_GCM_SHA384 (256/256 bits)
2025-11-17T09:50:17.212204374Z [Mon Nov 17 09:50:17.212182 2025] [ssl:debug] [pid 47:tid 104] ssl_engine_kernel.c(341): [client XXXXXXXXXXX:45794] AH02034: Initial (No.1) HTTPS request received for child 80 (server 2620:52:0:2e1a::21:6388)
2025-11-17T09:50:17.212272348Z [Mon Nov 17 09:50:17.212258 2025] [authz_core:debug] [pid 47:tid 104] mod_authz_core.c(815): [client XXXXXXXXXXX:45794] AH01626: authorization result of Require valid-user : denied (no authenticated user yet)
2025-11-17T09:50:17.212272348Z [Mon Nov 17 09:50:17.212264 2025] [authz_core:debug] [pid 47:tid 104] mod_authz_core.c(815): [client XXXXXXXXXXX:45794] AH01626: authorization result of <RequireAny>: denied (no authenticated user yet)
2025-11-17T09:50:17.214713814Z [Mon Nov 17 09:50:17.214673 2025] [authz_core:debug] [pid 47:tid 104] mod_authz_core.c(815): [client XXXXXXXXXXX:45794] AH01626: authorization result of Require valid-user : granted
2025-11-17T09:50:17.214713814Z [Mon Nov 17 09:50:17.214682 2025] [authz_core:debug] [pid 47:tid 104] mod_authz_core.c(815): [client XXXXXXXXXXX:45794] AH01626: authorization result of <RequireAny>: granted
2025-11-17T09:50:17.214725203Z [Mon Nov 17 09:50:17.214720 2025] [proxy:debug] [pid 47:tid 104] mod_proxy.c(1527): [client XXXXXXXXXXX:45794] AH01143: Running scheme http handler (attempt 0)
2025-11-17T09:50:17.214730568Z [Mon Nov 17 09:50:17.214723 2025] [proxy_ajp:debug] [pid 47:tid 104] mod_proxy_ajp.c(780): [client XXXXXXXXXXX:45794] AH00894: declining URL http://127.0.0.1/v1/nodes?fields=uuid
2025-11-17T09:50:17.214735701Z [Mon Nov 17 09:50:17.214729 2025] [proxy:debug] [pid 47:tid 104] proxy_util.c(2539): AH00942: http: has acquired connection for (127.0.0.1)
2025-11-17T09:50:17.214740724Z [Mon Nov 17 09:50:17.214733 2025] [proxy:debug] [pid 47:tid 104] proxy_util.c(2602): [client XXXXXXXXXXX:45794] AH00944: connecting http://127.0.0.1/v1/nodes?fields=uuid to 127.0.0.1:80
2025-11-17T09:50:17.214740724Z [Mon Nov 17 09:50:17.214736 2025] [proxy:debug] [pid 47:tid 104] proxy_util.c(2638): [client XXXXXXXXXXX:45794] AH02545: http: has determined UDS as /shared/ironic.sock
2025-11-17T09:50:17.214746013Z [Mon Nov 17 09:50:17.214739 2025] [proxy:debug] [pid 47:tid 104] proxy_util.c(2828): [client XXXXXXXXXXX:45794] AH00947: connected /v1/nodes?fields=uuid to httpd-UDS:0
2025-11-17T09:50:17.225407029Z [Mon Nov 17 09:50:17.225376 2025] [proxy:debug] [pid 47:tid 104] proxy_util.c(2554): AH00943: http: has released connection for (127.0.0.1)
2025-11-17T09:50:17.225494920Z XXXXXXXXXXX - ironic-user [17/Nov/2025:09:50:17 +0000] "GET /v1/nodes?fields=uuid HTTP/1.1" 200 13 "-" "ironic-inspector keystoneauth1/5.2.0 python-requests/2.25.1 CPython/3.9.16"
2025-11-17T09:50:22.228484421Z [Mon Nov 17 09:50:22.228331 2025] [ssl:debug] [pid 47:tid 105] ssl_engine_io.c(1151): [client XXXXXXXXXXX:45794] AH02001: Connection closed to child 81 with standard shutdown (server 2620:52:0:2e1a::21:6388)
2025-11-17T09:50:36.637023942Z [Mon Nov 17 09:50:36.636971 2025] [ssl:info] [pid 47:tid 106] [client 10.128.0.22:37616] AH01964: Connection to child 82 established (server 2620:52:0:2e1a::21:6388)
2025-11-17T09:50:36.637204051Z [Mon Nov 17 09:50:36.637192 2025] [ssl:debug] [pid 47:tid 106] ssl_engine_kernel.c(2315): [client 10.128.0.22:37616] AH02044: No matching SSL virtual host for servername metal3-state.openshift-machine-api.svc.cluster.local found (using default/first virtual host)
2025-11-17T09:50:36.639247959Z [Mon Nov 17 09:50:36.639225 2025] [ssl:debug] [pid 47:tid 106] ssl_engine_kernel.c(2167): [client 10.128.0.22:37616] AH02041: Protocol: TLSv1.3, Cipher: TLS_AES_128_GCM_SHA256 (128/128 bits)
2025-11-17T09:50:36.639458920Z [Mon Nov 17 09:50:36.639442 2025] [ssl:debug] [pid 47:tid 106] ssl_engine_kernel.c(341): [client 10.128.0.22:37616] AH02034: Initial (No.1) HTTPS request received for child 82 (server 2620:52:0:2e1a::21:6388)
2025-11-17T09:50:36.639519025Z [Mon Nov 17 09:50:36.639511 2025] [authz_core:debug] [pid 47:tid 106] mod_authz_core.c(815): [client 10.128.0.22:37616] AH01626: authorization result of Require all granted: granted
2025-11-17T09:50:36.639533016Z [Mon Nov 17 09:50:36.639527 2025] [authz_core:debug] [pid 47:tid 106] mod_authz_core.c(815): [client 10.128.0.22:37616] AH01626: authorization result of <RequireAny>: granted
2025-11-17T09:50:36.639577223Z [Mon Nov 17 09:50:36.639570 2025] [proxy:debug] [pid 47:tid 106] mod_proxy.c(1527): [client 10.128.0.22:37616] AH01143: Running scheme http handler (attempt 0)
2025-11-17T09:50:36.639590607Z [Mon Nov 17 09:50:36.639585 2025] [proxy_ajp:debug] [pid 47:tid 106] mod_proxy_ajp.c(780): [client 10.128.0.22:37616] AH00894: declining URL http://127.0.0.1/v1
2025-11-17T09:50:36.639605857Z [Mon Nov 17 09:50:36.639600 2025] [proxy:debug] [pid 47:tid 106] proxy_util.c(2539): AH00942: http: has acquired connection for (127.0.0.1)
2025-11-17T09:50:36.639621912Z [Mon Nov 17 09:50:36.639616 2025] [proxy:debug] [pid 47:tid 106] proxy_util.c(2602): [client 10.128.0.22:37616] AH00944: connecting http://127.0.0.1/v1 to 127.0.0.1:80
2025-11-17T09:50:36.639633991Z [Mon Nov 17 09:50:36.639628 2025] [proxy:debug] [pid 47:tid 106] proxy_util.c(2638): [client 10.128.0.22:37616] AH02545: http: has determined UDS as /shared/ironic.sock
2025-11-17T09:50:36.639646251Z [Mon Nov 17 09:50:36.639641 2025] [proxy:debug] [pid 47:tid 106] proxy_util.c(2828): [client 10.128.0.22:37616] AH00947: connected /v1 to httpd-UDS:0
2025-11-17T09:50:36.642198571Z [Mon Nov 17 09:50:36.642187 2025] [proxy:debug] [pid 47:tid 106] proxy_util.c(2554): AH00943: http: has released connection for (127.0.0.1)
2025-11-17T09:50:36.642314918Z 10.128.0.22 - - [17/Nov/2025:09:50:36 +0000] "GET /v1 HTTP/1.1" 200 2225 "-" "gophercloud/v1.5.0"
2025-11-17T09:50:36.642648345Z [Mon Nov 17 09:50:36.642626 2025] [ssl:debug] [pid 47:tid 107] ssl_engine_kernel.c(341): [client 10.128.0.22:37616] AH02034: Subsequent (No.2) HTTPS request received for child 83 (server 2620:52:0:2e1a::21:6388)
2025-11-17T09:50:36.642657248Z [Mon Nov 17 09:50:36.642652 2025] [authz_core:debug] [pid 47:tid 107] mod_authz_core.c(815): [client 10.128.0.22:37616] AH01626: authorization result of Require all granted: granted
2025-11-17T09:50:36.642657248Z [Mon Nov 17 09:50:36.642654 2025] [authz_core:debug] [pid 47:tid 107] mod_authz_core.c(815): [client 10.128.0.22:37616] AH01626: authorization result of <RequireAny>: granted
2025-11-17T09:50:36.642674186Z [Mon Nov 17 09:50:36.642664 2025] [proxy:debug] [pid 47:tid 107] mod_proxy.c(1527): [client 10.128.0.22:37616] AH01143: Running scheme http handler (attempt 0)
2025-11-17T09:50:36.642674186Z [Mon Nov 17 09:50:36.642669 2025] [proxy_ajp:debug] [pid 47:tid 107] mod_proxy_ajp.c(780): [client 10.128.0.22:37616] AH00894: declining URL http://127.0.0.1/v1
2025-11-17T09:50:36.642674186Z [Mon Nov 17 09:50:36.642672 2025] [proxy:debug] [pid 47:tid 107] proxy_util.c(2539): AH00942: http: has acquired connection for (127.0.0.1)
2025-11-17T09:50:36.642680885Z [Mon Nov 17 09:50:36.642675 2025] [proxy:debug] [pid 47:tid 107] proxy_util.c(2602): [client 10.128.0.22:37616] AH00944: connecting http://127.0.0.1/v1 to 127.0.0.1:80
2025-11-17T09:50:36.642680885Z [Mon Nov 17 09:50:36.642677 2025] [proxy:debug] [pid 47:tid 107] proxy_util.c(2638): [client 10.128.0.22:37616] AH02545: http: has determined UDS as /shared/ironic.sock
2025-11-17T09:50:36.642698858Z [Mon Nov 17 09:50:36.642679 2025] [proxy:debug] [pid 47:tid 107] proxy_util.c(2828): [client 10.128.0.22:37616] AH00947: connected /v1 to httpd-UDS:0
2025-11-17T09:50:36.644808791Z [Mon Nov 17 09:50:36.644777 2025] [ssl:info] [pid 47:tid 108] [client 10.128.0.22:37638] AH01964: Connection to child 84 established (server 2620:52:0:2e1a::21:6388)
2025-11-17T09:50:36.644892573Z [Mon Nov 17 09:50:36.644877 2025] [ssl:debug] [pid 47:tid 108] ssl_engine_kernel.c(2315): [client 10.128.0.22:37638] AH02044: No matching SSL virtual host for servername metal3-state.openshift-machine-api.svc.cluster.local found (using default/first virtual host)
2025-11-17T09:50:36.644939662Z [Mon Nov 17 09:50:36.644927 2025] [proxy:debug] [pid 47:tid 107] proxy_util.c(2554): AH00943: http: has released connection for (127.0.0.1)
2025-11-17T09:50:36.645027689Z 10.128.0.22 - - [17/Nov/2025:09:50:36 +0000] "GET /v1 HTTP/1.1" 200 2225 "-" "gophercloud/v1.5.0"
2025-11-17T09:50:36.645194935Z [Mon Nov 17 09:50:36.645159 2025] [ssl:info] [pid 48:tid 82] [client 10.128.0.22:37626] AH01964: Connection to child 128 established (server 2620:52:0:2e1a::21:6388)
2025-11-17T09:50:36.645296720Z [Mon Nov 17 09:50:36.645281 2025] [ssl:debug] [pid 48:tid 82] ssl_engine_kernel.c(2315): [client 10.128.0.22:37626] AH02044: No matching SSL virtual host for servername metal3-state.openshift-machine-api.svc.cluster.local found (using default/first virtual host)
2025-11-17T09:50:36.645996911Z [Mon Nov 17 09:50:36.645979 2025] [ssl:info] [pid 47:tid 109] [client 10.128.0.22:37650] AH01964: Connection to child 85 established (server 2620:52:0:2e1a::21:6388)
2025-11-17T09:50:36.646076293Z [Mon Nov 17 09:50:36.646065 2025] [ssl:debug] [pid 47:tid 109] ssl_engine_kernel.c(2315): [client 10.128.0.22:37650] AH02044: No matching SSL virtual host for servername metal3-state.openshift-machine-api.svc.cluster.local found (using default/first virtual host)
2025-11-17T09:50:36.647055464Z [Mon Nov 17 09:50:36.647033 2025] [ssl:debug] [pid 47:tid 110] ssl_engine_kernel.c(341): [client 10.128.0.22:37616] AH02034: Subsequent (No.3) HTTPS request received for child 86 (server 2620:52:0:2e1a::21:6388)
2025-11-17T09:50:36.647077488Z [Mon Nov 17 09:50:36.647067 2025] [authz_core:debug] [pid 47:tid 110] mod_authz_core.c(815): [client 10.128.0.22:37616] AH01626: authorization result of Require valid-user : denied (no authenticated user yet)
2025-11-17T09:50:36.647077488Z [Mon Nov 17 09:50:36.647072 2025] [authz_core:debug] [pid 47:tid 110] mod_authz_core.c(815): [client 10.128.0.22:37616] AH01626: authorization result of <RequireAny>: denied (no authenticated user yet)
2025-11-17T09:50:36.648101312Z [Mon Nov 17 09:50:36.648079 2025] [ssl:debug] [pid 47:tid 109] ssl_engine_kernel.c(2167): [client 10.128.0.22:37650] AH02041: Protocol: TLSv1.3, Cipher: TLS_AES_128_GCM_SHA256 (128/128 bits)
2025-11-17T09:50:36.648249341Z [Mon Nov 17 09:50:36.648231 2025] [ssl:debug] [pid 47:tid 109] ssl_engine_kernel.c(341): [client 10.128.0.22:37650] AH02034: Initial (No.1) HTTPS request received for child 85 (server 2620:52:0:2e1a::21:6388)
2025-11-17T09:50:36.648265869Z [Mon Nov 17 09:50:36.648256 2025] [authz_core:debug] [pid 47:tid 109] mod_authz_core.c(815): [client 10.128.0.22:37650] AH01626: authorization result of Require all granted: granted
2025-11-17T09:50:36.648265869Z [Mon Nov 17 09:50:36.648261 2025] [authz_core:debug] [pid 47:tid 109] mod_authz_core.c(815): [client 10.128.0.22:37650] AH01626: authorization result of <RequireAny>: granted
2025-11-17T09:50:36.648280597Z [Mon Nov 17 09:50:36.648271 2025] [proxy:debug] [pid 47:tid 109] mod_proxy.c(1527): [client 10.128.0.22:37650] AH01143: Running scheme http handler (attempt 0)
2025-11-17T09:50:36.648280597Z [Mon Nov 17 09:50:36.648276 2025] [proxy_ajp:debug] [pid 47:tid 109] mod_proxy_ajp.c(780): [client 10.128.0.22:37650] AH00894: declining URL http://127.0.0.1/v1
2025-11-17T09:50:36.648285922Z [Mon Nov 17 09:50:36.648279 2025] [proxy:debug] [pid 47:tid 109] proxy_util.c(2539): AH00942: http: has acquired connection for (127.0.0.1)
2025-11-17T09:50:36.648285922Z [Mon Nov 17 09:50:36.648282 2025] [proxy:debug] [pid 47:tid 109] proxy_util.c(2602): [client 10.128.0.22:37650] AH00944: connecting http://127.0.0.1/v1 to 127.0.0.1:80
2025-11-17T09:50:36.648290823Z [Mon Nov 17 09:50:36.648284 2025] [proxy:debug] [pid 47:tid 109] proxy_util.c(2638): [client 10.128.0.22:37650] AH02545: http: has determined UDS as /shared/ironic.sock
2025-11-17T09:50:36.648290823Z [Mon Nov 17 09:50:36.648286 2025] [proxy:debug] [pid 47:tid 109] proxy_util.c(2828): [client 10.128.0.22:37650] AH00947: connected /v1 to httpd-UDS:0
2025-11-17T09:50:36.648468652Z [Mon Nov 17 09:50:36.648322 2025] [ssl:debug] [pid 48:tid 82] ssl_engine_kernel.c(2167): [client 10.128.0.22:37626] AH02041: Protocol: TLSv1.3, Cipher: TLS_AES_128_GCM_SHA256 (128/128 bits)
2025-11-17T09:50:36.648542254Z [Mon Nov 17 09:50:36.648490 2025] [ssl:debug] [pid 48:tid 82] ssl_engine_kernel.c(341): [client 10.128.0.22:37626] AH02034: Initial (No.1) HTTPS request received for child 128 (server 2620:52:0:2e1a::21:6388)
2025-11-17T09:50:36.648542254Z [Mon Nov 17 09:50:36.648521 2025] [authz_core:debug] [pid 48:tid 82] mod_authz_core.c(815): [client 10.128.0.22:37626] AH01626: authorization result of Require valid-user : denied (no authenticated user yet)
2025-11-17T09:50:36.648542254Z [Mon Nov 17 09:50:36.648524 2025] [authz_core:debug] [pid 48:tid 82] mod_authz_core.c(815): [client 10.128.0.22:37626] AH01626: authorization result of <RequireAny>: denied (no authenticated user yet)
2025-11-17T09:50:36.649332440Z [Mon Nov 17 09:50:36.649313 2025] [authz_core:debug] [pid 47:tid 110] mod_authz_core.c(815): [client 10.128.0.22:37616] AH01626: authorization result of Require valid-user : granted
2025-11-17T09:50:36.649332440Z [Mon Nov 17 09:50:36.649319 2025] [authz_core:debug] [pid 47:tid 110] mod_authz_core.c(815): [client 10.128.0.22:37616] AH01626: authorization result of <RequireAny>: granted
2025-11-17T09:50:36.649349729Z [Mon Nov 17 09:50:36.649328 2025] [proxy:debug] [pid 47:tid 110] mod_proxy.c(1527): [client 10.128.0.22:37616] AH01143: Running scheme http handler (attempt 0)
2025-11-17T09:50:36.649349729Z [Mon Nov 17 09:50:36.649334 2025] [proxy_ajp:debug] [pid 47:tid 110] mod_proxy_ajp.c(780): [client 10.128.0.22:37616] AH00894: declining URL http://127.0.0.1/v1/drivers
2025-11-17T09:50:36.649349729Z [Mon Nov 17 09:50:36.649338 2025] [proxy:debug] [pid 47:tid 110] proxy_util.c(2539): AH00942: http: has acquired connection for (127.0.0.1)
2025-11-17T09:50:36.649349729Z [Mon Nov 17 09:50:36.649341 2025] [proxy:debug] [pid 47:tid 110] proxy_util.c(2602): [client 10.128.0.22:37616] AH00944: connecting http://127.0.0.1/v1/drivers to 127.0.0.1:80
2025-11-17T09:50:36.649349729Z [Mon Nov 17 09:50:36.649343 2025] [proxy:debug] [pid 47:tid 110] proxy_util.c(2638): [client 10.128.0.22:37616] AH02545: http: has determined UDS as /shared/ironic.sock
2025-11-17T09:50:36.649470429Z [Mon Nov 17 09:50:36.649450 2025] [proxy:debug] [pid 47:tid 110] proxy_util.c(2828): [client 10.128.0.22:37616] AH00947: connected /v1/drivers to httpd-UDS:0
2025-11-17T09:50:36.649489309Z [Mon Nov 17 09:50:36.649480 2025] [proxy:debug] [pid 47:tid 110] proxy_util.c(3196): AH02823: http: connection established with Unix domain socket /shared/ironic.sock (127.0.0.1)
2025-11-17T09:50:36.649494551Z [Mon Nov 17 09:50:36.649489 2025] [proxy:debug] [pid 47:tid 110] proxy_util.c(3481): AH00962: http: connection complete to 0.0.0.0:0 (httpd-UDS)
2025-11-17T09:50:36.649507448Z [Mon Nov 17 09:50:36.649493 2025] [core:debug] [pid 47:tid 110] core.c(5365): (95)Operation not supported: [remote /shared/ironic.sock:12147] AH00139: apr_socket_opt_set(APR_TCP_NODELAY)
2025-11-17T09:50:36.649830308Z [Mon Nov 17 09:50:36.649814 2025] [ssl:info] [pid 48:tid 85] [client 10.128.0.22:37662] AH01964: Connection to child 130 established (server 2620:52:0:2e1a::21:6388)
2025-11-17T09:50:36.649932769Z [Mon Nov 17 09:50:36.649922 2025] [ssl:debug] [pid 48:tid 85] ssl_engine_kernel.c(2315): [client 10.128.0.22:37662] AH02044: No matching SSL virtual host for servername metal3-state.openshift-machine-api.svc.cluster.local found (using default/first virtual host)
2025-11-17T09:50:36.650554843Z [Mon Nov 17 09:50:36.650536 2025] [ssl:debug] [pid 47:tid 108] ssl_engine_kernel.c(2167): [client 10.128.0.22:37638] AH02041: Protocol: TLSv1.3, Cipher: TLS_AES_128_GCM_SHA256 (128/128 bits)
2025-11-17T09:50:36.650554843Z [Mon Nov 17 09:50:36.650544 2025] [proxy:debug] [pid 47:tid 109] proxy_util.c(2554): AH00943: http: has released connection for (127.0.0.1)
2025-11-17T09:50:36.650656320Z 10.128.0.22 - - [17/Nov/2025:09:50:36 +0000] "GET /v1 HTTP/1.1" 200 2225 "-" "gophercloud/v1.5.0"
2025-11-17T09:50:36.650833594Z [Mon Nov 17 09:50:36.650822 2025] [authz_core:debug] [pid 48:tid 82] mod_authz_core.c(815): [client 10.128.0.22:37626] AH01626: authorization result of Require valid-user : granted
2025-11-17T09:50:36.650833594Z [Mon Nov 17 09:50:36.650828 2025] [authz_core:debug] [pid 48:tid 82] mod_authz_core.c(815): [client 10.128.0.22:37626] AH01626: authorization result of <RequireAny>: granted
2025-11-17T09:50:36.650844363Z [Mon Nov 17 09:50:36.650840 2025] [proxy:debug] [pid 48:tid 82] mod_proxy.c(1527): [client 10.128.0.22:37626] AH01143: Running scheme http handler (attempt 0)
2025-11-17T09:50:36.650849564Z [Mon Nov 17 09:50:36.650842 2025] [proxy_ajp:debug] [pid 48:tid 82] mod_proxy_ajp.c(780): [client 10.128.0.22:37626] AH00894: declining URL http://127.0.0.1/v1/drivers
2025-11-17T09:50:36.650854576Z [Mon Nov 17 09:50:36.650848 2025] [proxy:debug] [pid 48:tid 82] proxy_util.c(2539): AH00942: http: has acquired connection for (127.0.0.1)
2025-11-17T09:50:36.650859546Z [Mon Nov 17 09:50:36.650853 2025] [proxy:debug] [pid 48:tid 82] proxy_util.c(2602): [client 10.128.0.22:37626] AH00944: connecting http://127.0.0.1/v1/drivers to 127.0.0.1:80
2025-11-17T09:50:36.650859546Z [Mon Nov 17 09:50:36.650856 2025] [proxy:debug] [pid 48:tid 82] proxy_util.c(2638): [client 10.128.0.22:37626] AH02545: http: has determined UDS as /shared/ironic.sock
2025-11-17T09:50:36.650864588Z [Mon Nov 17 09:50:36.650858 2025] [proxy:debug] [pid 48:tid 82] proxy_util.c(2828): [client 10.128.0.22:37626] AH00947: connected /v1/drivers to httpd-UDS:0
2025-11-17T09:50:36.650971836Z [Mon Nov 17 09:50:36.650957 2025] [ssl:debug] [pid 47:tid 111] ssl_engine_kernel.c(341): [client 10.128.0.22:37650] AH02034: Subsequent (No.2) HTTPS request received for child 87 (server 2620:52:0:2e1a::21:6388)
2025-11-17T09:50:36.650987670Z [Mon Nov 17 09:50:36.650978 2025] [authz_core:debug] [pid 47:tid 111] mod_authz_core.c(815): [client 10.128.0.22:37650] AH01626: authorization result of Require valid-user : denied (no authenticated user yet)
2025-11-17T09:50:36.650987670Z [Mon Nov 17 09:50:36.650983 2025] [authz_core:debug] [pid 47:tid 111] mod_authz_core.c(815): [client 10.128.0.22:37650] AH01626: authorization result of <RequireAny>: denied (no authenticated user yet)
2025-11-17T09:50:36.651829150Z [Mon Nov 17 09:50:36.651813 2025] [ssl:debug] [pid 48:tid 85] ssl_engine_kernel.c(2167): [client 10.128.0.22:37662] AH02041: Protocol: TLSv1.3, Cipher: TLS_AES_128_GCM_SHA256 (128/128 bits)
2025-11-17T09:50:36.653462353Z [Mon Nov 17 09:50:36.653439 2025] [authz_core:debug] [pid 47:tid 111] mod_authz_core.c(815): [client 10.128.0.22:37650] AH01626: authorization result of Require valid-user : granted
2025-11-17T09:50:36.653462353Z [Mon Nov 17 09:50:36.653446 2025] [authz_core:debug] [pid 47:tid 111] mod_authz_core.c(815): [client 10.128.0.22:37650] AH01626: authorization result of <RequireAny>: granted
2025-11-17T09:50:36.653462353Z [Mon Nov 17 09:50:36.653457 2025] [proxy:debug] [pid 47:tid 111] mod_proxy.c(1527): [client 10.128.0.22:37650] AH01143: Running scheme http handler (attempt 0)
2025-11-17T09:50:36.653481364Z [Mon Nov 17 09:50:36.653460 2025] [proxy_ajp:debug] [pid 47:tid 111] mod_proxy_ajp.c(780): [client 10.128.0.22:37650] AH00894: declining URL http://127.0.0.1/v1/drivers
2025-11-17T09:50:36.653481364Z [Mon Nov 17 09:50:36.653463 2025] [proxy:debug] [pid 47:tid 111] proxy_util.c(2539): AH00942: http: has acquired connection for (127.0.0.1)
2025-11-17T09:50:36.653481364Z [Mon Nov 17 09:50:36.653466 2025] [proxy:debug] [pid 47:tid 111] proxy_util.c(2602): [client 10.128.0.22:37650] AH00944: connecting http://127.0.0.1/v1/drivers to 127.0.0.1:80
2025-11-17T09:50:36.653481364Z [Mon Nov 17 09:50:36.653468 2025] [proxy:debug] [pid 47:tid 111] proxy_util.c(2638): [client 10.128.0.22:37650] AH02545: http: has determined UDS as /shared/ironic.sock
2025-11-17T09:50:36.653481364Z [Mon Nov 17 09:50:36.653470 2025] [proxy:debug] [pid 47:tid 111] proxy_util.c(2828): [client 10.128.0.22:37650] AH00947: connected /v1/drivers to httpd-UDS:0
2025-11-17T09:50:36.677584915Z [Mon Nov 17 09:50:36.677546 2025] [proxy:debug] [pid 47:tid 110] proxy_util.c(2554): AH00943: http: has released connection for (127.0.0.1)
2025-11-17T09:50:36.677727698Z 10.128.0.22 - ironic-user [17/Nov/2025:09:50:36 +0000] "GET /v1/drivers HTTP/1.1" 200 3258 "-" "gophercloud/v1.5.0"
2025-11-17T09:50:36.678780876Z [Mon Nov 17 09:50:36.678767 2025] [proxy:debug] [pid 48:tid 82] proxy_util.c(2554): AH00943: http: has released connection for (127.0.0.1)
2025-11-17T09:50:36.678892237Z 10.128.0.22 - ironic-user [17/Nov/2025:09:50:36 +0000] "GET /v1/drivers HTTP/1.1" 200 3258 "-" "gophercloud/v1.5.0"
2025-11-17T09:50:36.678941193Z [Mon Nov 17 09:50:36.678925 2025] [ssl:debug] [pid 47:tid 112] ssl_engine_io.c(1151): [client 10.128.0.22:37616] AH02001: Connection closed to child 88 with standard shutdown (server 2620:52:0:2e1a::21:6388)
2025-11-17T09:50:36.679291287Z [Mon Nov 17 09:50:36.679270 2025] [ssl:debug] [pid 48:tid 127] ssl_engine_io.c(1151): [client 10.128.0.22:37626] AH02001: Connection closed to child 151 with standard shutdown (server 2620:52:0:2e1a::21:6388)
2025-11-17T09:50:36.679954295Z [Mon Nov 17 09:50:36.679930 2025] [proxy:debug] [pid 47:tid 111] proxy_util.c(2554): AH00943: http: has released connection for (127.0.0.1)
2025-11-17T09:50:36.680056908Z 10.128.0.22 - ironic-user [17/Nov/2025:09:50:36 +0000] "GET /v1/drivers HTTP/1.1" 200 3258 "-" "gophercloud/v1.5.0"
2025-11-17T09:50:36.680390546Z [Mon Nov 17 09:50:36.680371 2025] [ssl:debug] [pid 47:tid 77] ssl_engine_io.c(1151): [client 10.128.0.22:37650] AH02001: Connection closed to child 64 with standard shutdown (server 2620:52:0:2e1a::21:6388)
2025-11-17T09:50:36.682751825Z [Mon Nov 17 09:50:36.682730 2025] [ssl:info] [pid 47:tid 79] [client 10.128.0.22:56644] AH01964: Connection to child 65 established (server 2620:52:0:2e1a::21:5051)
2025-11-17T09:50:36.682826889Z [Mon Nov 17 09:50:36.682806 2025] [ssl:info] [pid 130:tid 156] [client 10.128.0.22:56636] AH01964: Connection to child 216 established (server 2620:52:0:2e1a::21:5051)
2025-11-17T09:50:36.682865322Z [Mon Nov 17 09:50:36.682851 2025] [ssl:info] [pid 130:tid 133] [client 10.128.0.22:56640] AH01964: Connection to child 193 established (server 2620:52:0:2e1a::21:5051)
2025-11-17T09:50:36.682917643Z [Mon Nov 17 09:50:36.682907 2025] [ssl:debug] [pid 47:tid 79] ssl_engine_kernel.c(2315): [client 10.128.0.22:56644] AH02044: No matching SSL virtual host for servername metal3-state.openshift-machine-api.svc.cluster.local found (using default/first virtual host)
2025-11-17T09:50:36.682986823Z [Mon Nov 17 09:50:36.682972 2025] [ssl:debug] [pid 130:tid 133] ssl_engine_kernel.c(2315): [client 10.128.0.22:56640] AH02044: No matching SSL virtual host for servername metal3-state.openshift-machine-api.svc.cluster.local found (using default/first virtual host)
2025-11-17T09:50:36.682986823Z [Mon Nov 17 09:50:36.682972 2025] [ssl:debug] [pid 130:tid 156] ssl_engine_kernel.c(2315): [client 10.128.0.22:56636] AH02044: No matching SSL virtual host for servername metal3-state.openshift-machine-api.svc.cluster.local found (using default/first virtual host)
2025-11-17T09:50:36.684815427Z [Mon Nov 17 09:50:36.684789 2025] [ssl:debug] [pid 47:tid 79] ssl_engine_kernel.c(2167): [client 10.128.0.22:56644] AH02041: Protocol: TLSv1.3, Cipher: TLS_AES_128_GCM_SHA256 (128/128 bits)
2025-11-17T09:50:36.685010737Z [Mon Nov 17 09:50:36.684989 2025] [ssl:debug] [pid 47:tid 79] ssl_engine_kernel.c(341): [client 10.128.0.22:56644] AH02034: Initial (No.1) HTTPS request received for child 65 (server 2620:52:0:2e1a::21:5051)
2025-11-17T09:50:36.685061399Z [Mon Nov 17 09:50:36.685053 2025] [authz_core:debug] [pid 47:tid 79] mod_authz_core.c(815): [client 10.128.0.22:56644] AH01626: authorization result of Require all granted: granted
2025-11-17T09:50:36.685076246Z [Mon Nov 17 09:50:36.685070 2025] [authz_core:debug] [pid 47:tid 79] mod_authz_core.c(815): [client 10.128.0.22:56644] AH01626: authorization result of <RequireAny>: granted
2025-11-17T09:50:36.685103906Z [Mon Nov 17 09:50:36.685097 2025] [proxy:debug] [pid 47:tid 79] mod_proxy.c(1527): [client 10.128.0.22:56644] AH01143: Running scheme http handler (attempt 0)
2025-11-17T09:50:36.685118421Z [Mon Nov 17 09:50:36.685112 2025] [proxy_ajp:debug] [pid 47:tid 79] mod_proxy_ajp.c(780): [client 10.128.0.22:56644] AH00894: declining URL http://127.0.0.1/v1
2025-11-17T09:50:36.685132994Z [Mon Nov 17 09:50:36.685127 2025] [proxy:debug] [pid 47:tid 79] proxy_util.c(2539): AH00942: http: has acquired connection for (127.0.0.1)
2025-11-17T09:50:36.685150986Z [Mon Nov 17 09:50:36.685144 2025] [proxy:debug] [pid 47:tid 79] proxy_util.c(2602): [client 10.128.0.22:56644] AH00944: connecting http://127.0.0.1/v1 to 127.0.0.1:80
2025-11-17T09:50:36.685164428Z [Mon Nov 17 09:50:36.685158 2025] [proxy:debug] [pid 47:tid 79] proxy_util.c(2638): [client 10.128.0.22:56644] AH02545: http: has determined UDS as /shared/inspector.sock
2025-11-17T09:50:36.685178027Z [Mon Nov 17 09:50:36.685172 2025] [proxy:debug] [pid 47:tid 79] proxy_util.c(2828): [client 10.128.0.22:56644] AH00947: connected /v1 to httpd-UDS:0
2025-11-17T09:50:36.685535972Z [Mon Nov 17 09:50:36.685514 2025] [ssl:debug] [pid 130:tid 133] ssl_engine_kernel.c(2167): [client 10.128.0.22:56640] AH02041: Protocol: TLSv1.3, Cipher: TLS_AES_128_GCM_SHA256 (128/128 bits)
2025-11-17T09:50:36.685535972Z [Mon Nov 17 09:50:36.685524 2025] [ssl:debug] [pid 130:tid 156] ssl_engine_kernel.c(2167): [client 10.128.0.22:56636] AH02041: Protocol: TLSv1.3, Cipher: TLS_AES_128_GCM_SHA256 (128/128 bits)
2025-11-17T09:50:36.685825444Z [Mon Nov 17 09:50:36.685789 2025] [ssl:debug] [pid 130:tid 156] ssl_engine_kernel.c(341): [client 10.128.0.22:56636] AH02034: Initial (No.1) HTTPS request received for child 216 (server 2620:52:0:2e1a::21:5051)
2025-11-17T09:50:36.685825444Z [Mon Nov 17 09:50:36.685789 2025] [ssl:debug] [pid 130:tid 133] ssl_engine_kernel.c(341): [client 10.128.0.22:56640] AH02034: Initial (No.1) HTTPS request received for child 193 (server 2620:52:0:2e1a::21:5051)
2025-11-17T09:50:36.685853189Z [Mon Nov 17 09:50:36.685841 2025] [authz_core:debug] [pid 130:tid 156] mod_authz_core.c(815): [client 10.128.0.22:56636] AH01626: authorization result of Require all granted: granted
2025-11-17T09:50:36.685853189Z [Mon Nov 17 09:50:36.685844 2025] [authz_core:debug] [pid 130:tid 133] mod_authz_core.c(815): [client 10.128.0.22:56640] AH01626: authorization result of Require all granted: granted
2025-11-17T09:50:36.685853189Z [Mon Nov 17 09:50:36.685849 2025] [authz_core:debug] [pid 130:tid 133] mod_authz_core.c(815): [client 10.128.0.22:56640] AH01626: authorization result of <RequireAny>: granted
2025-11-17T09:50:36.685853189Z [Mon Nov 17 09:50:36.685849 2025] [authz_core:debug] [pid 130:tid 156] mod_authz_core.c(815): [client 10.128.0.22:56636] AH01626: authorization result of <RequireAny>: granted
2025-11-17T09:50:36.685877882Z [Mon Nov 17 09:50:36.685862 2025] [proxy:debug] [pid 130:tid 156] mod_proxy.c(1527): [client 10.128.0.22:56636] AH01143: Running scheme http handler (attempt 0)
2025-11-17T09:50:36.685877882Z [Mon Nov 17 09:50:36.685862 2025] [proxy:debug] [pid 130:tid 133] mod_proxy.c(1527): [client 10.128.0.22:56640] AH01143: Running scheme http handler (attempt 0)
2025-11-17T09:50:36.685883410Z [Mon Nov 17 09:50:36.685874 2025] [proxy_ajp:debug] [pid 130:tid 156] mod_proxy_ajp.c(780): [client 10.128.0.22:56636] AH00894: declining URL http://127.0.0.1/v1
2025-11-17T09:50:36.685883410Z [Mon Nov 17 09:50:36.685874 2025] [proxy_ajp:debug] [pid 130:tid 133] mod_proxy_ajp.c(780): [client 10.128.0.22:56640] AH00894: declining URL http://127.0.0.1/v1
2025-11-17T09:50:36.685898387Z [Mon Nov 17 09:50:36.685887 2025] [proxy:debug] [pid 130:tid 133] proxy_util.c(2539): AH00942: http: has acquired connection for (127.0.0.1)
2025-11-17T09:50:36.685898387Z [Mon Nov 17 09:50:36.685892 2025] [proxy:debug] [pid 130:tid 156] proxy_util.c(2539): AH00942: http: has acquired connection for (127.0.0.1)
2025-11-17T09:50:36.685903776Z [Mon Nov 17 09:50:36.685896 2025] [proxy:debug] [pid 130:tid 156] proxy_util.c(2602): [client 10.128.0.22:56636] AH00944: connecting http://127.0.0.1/v1 to 127.0.0.1:80
2025-11-17T09:50:36.685903776Z [Mon Nov 17 09:50:36.685896 2025] [proxy:debug] [pid 130:tid 133] proxy_util.c(2602): [client 10.128.0.22:56640] AH00944: connecting http://127.0.0.1/v1 to 127.0.0.1:80
2025-11-17T09:50:36.685903776Z [Mon Nov 17 09:50:36.685900 2025] [proxy:debug] [pid 130:tid 156] proxy_util.c(2638): [client 10.128.0.22:56636] AH02545: http: has determined UDS as /shared/inspector.sock
2025-11-17T09:50:36.685903776Z [Mon Nov 17 09:50:36.685900 2025] [proxy:debug] [pid 130:tid 133] proxy_util.c(2638): [client 10.128.0.22:56640] AH02545: http: has determined UDS as /shared/inspector.sock
2025-11-17T09:50:36.685909309Z [Mon Nov 17 09:50:36.685904 2025] [proxy:debug] [pid 130:tid 133] proxy_util.c(2828): [client 10.128.0.22:56640] AH00947: connected /v1 to httpd-UDS:0
2025-11-17T09:50:36.686050375Z [Mon Nov 17 09:50:36.686039 2025] [proxy:debug] [pid 130:tid 156] proxy_util.c(2828): [client 10.128.0.22:56636] AH00947: connected /v1 to httpd-UDS:0
2025-11-17T09:50:36.686087044Z [Mon Nov 17 09:50:36.686077 2025] [proxy:debug] [pid 130:tid 156] proxy_util.c(3196): AH02823: http: connection established with Unix domain socket /shared/inspector.sock (127.0.0.1)
2025-11-17T09:50:36.686092237Z [Mon Nov 17 09:50:36.686088 2025] [proxy:debug] [pid 130:tid 156] proxy_util.c(3481): AH00962: http: connection complete to 0.0.0.0:0 (httpd-UDS)
2025-11-17T09:50:36.686098149Z [Mon Nov 17 09:50:36.686092 2025] [core:debug] [pid 130:tid 156] core.c(5365): (95)Operation not supported: [remote /shared/inspector.sock:12147] AH00139: apr_socket_opt_set(APR_TCP_NODELAY)
2025-11-17T09:50:36.687055256Z [Mon Nov 17 09:50:36.687040 2025] [proxy:debug] [pid 47:tid 79] proxy_util.c(2554): AH00943: http: has released connection for (127.0.0.1)
2025-11-17T09:50:36.687132266Z 10.128.0.22 - - [17/Nov/2025:09:50:36 +0000] "GET /v1 HTTP/1.1" 200 413 "-" "gophercloud/v1.5.0"
2025-11-17T09:50:36.688550150Z [Mon Nov 17 09:50:36.688536 2025] [proxy:debug] [pid 130:tid 133] proxy_util.c(2554): AH00943: http: has released connection for (127.0.0.1)
2025-11-17T09:50:36.688628226Z 10.128.0.22 - - [17/Nov/2025:09:50:36 +0000] "GET /v1 HTTP/1.1" 200 413 "-" "gophercloud/v1.5.0"
2025-11-17T09:50:36.690573955Z [Mon Nov 17 09:50:36.690552 2025] [proxy:debug] [pid 130:tid 156] proxy_util.c(2554): AH00943: http: has released connection for (127.0.0.1)
2025-11-17T09:50:36.690639205Z 10.128.0.22 - - [17/Nov/2025:09:50:36 +0000] "GET /v1 HTTP/1.1" 200 413 "-" "gophercloud/v1.5.0"
2025-11-17T09:50:36.690921152Z [Mon Nov 17 09:50:36.690901 2025] [ssl:debug] [pid 130:tid 132] ssl_engine_io.c(1151): [client 10.128.0.22:56636] AH02001: Connection closed to child 192 with standard shutdown (server 2620:52:0:2e1a::21:5051)
2025-11-17T09:50:41.687700293Z [Mon Nov 17 09:50:41.687537 2025] [ssl:debug] [pid 47:tid 84] ssl_engine_io.c(1151): [client 10.128.0.22:56644] AH02001: Connection closed to child 68 with standard shutdown (server 2620:52:0:2e1a::21:5051)
2025-11-17T09:50:41.692359809Z [Mon Nov 17 09:50:41.692313 2025] [ssl:debug] [pid 130:tid 134] ssl_engine_io.c(1151): [client 10.128.0.22:56640] AH02001: Connection closed to child 194 with standard shutdown (server 2620:52:0:2e1a::21:5051)
2025-11-17T09:51:17.212327561Z [Mon Nov 17 09:51:17.212285 2025] [ssl:info] [pid 130:tid 135] [client XXXXXXXXXXX:37510] AH01964: Connection to child 195 established (server 2620:52:0:2e1a::21:6388)
2025-11-17T09:51:17.212522161Z [Mon Nov 17 09:51:17.212502 2025] [ssl:debug] [pid 130:tid 135] ssl_engine_kernel.c(2337): [client XXXXXXXXXXX:37510] AH02645: Server name not provided via TLS extension (using default/first virtual host)
2025-11-17T09:51:17.215643930Z [Mon Nov 17 09:51:17.215610 2025] [ssl:debug] [pid 130:tid 135] ssl_engine_kernel.c(2167): [client XXXXXXXXXXX:37510] AH02041: Protocol: TLSv1.3, Cipher: TLS_AES_256_GCM_SHA384 (256/256 bits)
2025-11-17T09:51:17.215982992Z [Mon Nov 17 09:51:17.215951 2025] [ssl:debug] [pid 130:tid 135] ssl_engine_kernel.c(341): [client XXXXXXXXXXX:37510] AH02034: Initial (No.1) HTTPS request received for child 195 (server 2620:52:0:2e1a::21:6388)
2025-11-17T09:51:17.216057277Z [Mon Nov 17 09:51:17.216042 2025] [authz_core:debug] [pid 130:tid 135] mod_authz_core.c(815): [client XXXXXXXXXXX:37510] AH01626: authorization result of Require valid-user : denied (no authenticated user yet)
2025-11-17T09:51:17.216082909Z [Mon Nov 17 09:51:17.216072 2025] [authz_core:debug] [pid 130:tid 135] mod_authz_core.c(815): [client XXXXXXXXXXX:37510] AH01626: authorization result of <RequireAny>: denied (no authenticated user yet)
2025-11-17T09:51:17.218617456Z [Mon Nov 17 09:51:17.218588 2025] [authz_core:debug] [pid 130:tid 135] mod_authz_core.c(815): [client XXXXXXXXXXX:37510] AH01626: authorization result of Require valid-user : granted
2025-11-17T09:51:17.218659149Z [Mon Nov 17 09:51:17.218647 2025] [authz_core:debug] [pid 130:tid 135] mod_authz_core.c(815): [client XXXXXXXXXXX:37510] AH01626: authorization result of <RequireAny>: granted
2025-11-17T09:51:17.218728460Z [Mon Nov 17 09:51:17.218714 2025] [proxy:debug] [pid 130:tid 135] mod_proxy.c(1527): [client XXXXXXXXXXX:37510] AH01143: Running scheme http handler (attempt 0)
2025-11-17T09:51:17.218757225Z [Mon Nov 17 09:51:17.218746 2025] [proxy_ajp:debug] [pid 130:tid 135] mod_proxy_ajp.c(780): [client XXXXXXXXXXX:37510] AH00894: declining URL http://127.0.0.1/v1/nodes?fields=uuid
2025-11-17T09:51:17.218780836Z [Mon Nov 17 09:51:17.218771 2025] [proxy:debug] [pid 130:tid 135] proxy_util.c(2539): AH00942: http: has acquired connection for (127.0.0.1)
2025-11-17T09:51:17.218818162Z [Mon Nov 17 09:51:17.218807 2025] [proxy:debug] [pid 130:tid 135] proxy_util.c(2602): [client XXXXXXXXXXX:37510] AH00944: connecting http://127.0.0.1/v1/nodes?fields=uuid to 127.0.0.1:80
2025-11-17T09:51:17.218840323Z [Mon Nov 17 09:51:17.218830 2025] [proxy:debug] [pid 130:tid 135] proxy_util.c(2638): [client XXXXXXXXXXX:37510] AH02545: http: has determined UDS as /shared/ironic.sock
2025-11-17T09:51:17.218861357Z [Mon Nov 17 09:51:17.218852 2025] [proxy:debug] [pid 130:tid 135] proxy_util.c(2828): [client XXXXXXXXXXX:37510] AH00947: connected /v1/nodes?fields=uuid to httpd-UDS:0
2025-11-17T09:51:17.228536906Z [Mon Nov 17 09:51:17.228514 2025] [proxy:debug] [pid 130:tid 135] proxy_util.c(2554): AH00943: http: has released connection for (127.0.0.1)
2025-11-17T09:51:17.228727527Z XXXXXXXXXXX - ironic-user [17/Nov/2025:09:51:17 +0000] "GET /v1/nodes?fields=uuid HTTP/1.1" 200 13 "-" "ironic-inspector keystoneauth1/5.2.0 python-requests/2.25.1 CPython/3.9.16"
2025-11-17T09:51:22.232035508Z [Mon Nov 17 09:51:22.231880 2025] [ssl:debug] [pid 130:tid 136] ssl_engine_io.c(1151): [client XXXXXXXXXXX:37510] AH02001: Connection closed to child 196 with standard shutdown (server 2620:52:0:2e1a::21:6388)
2025-11-17T09:51:36.709985360Z 10.128.0.22 - - [17/Nov/2025:09:51:36 +0000] "-" 408 - "-" "-"
2025-11-17T09:51:36.710673283Z [Mon Nov 17 09:51:36.710651 2025] [ssl:debug] [pid 48:tid 85] ssl_engine_io.c(1151): [client 10.128.0.22:37662] AH02001: Connection closed to child 130 with standard shutdown (server 2620:52:0:2e1a::21:6388)
2025-11-17T09:51:36.710810039Z 10.128.0.22 - - [17/Nov/2025:09:51:36 +0000] "-" 408 - "-" "-"
2025-11-17T09:51:36.710925677Z [Mon Nov 17 09:51:36.710888 2025] [ssl:debug] [pid 47:tid 108] ssl_engine_io.c(1151): [client 10.128.0.22:37638] AH02001: Connection closed to child 84 with standard shutdown (server 2620:52:0:2e1a::21:6388)
