2025-11-17T09:27:19.367478892Z [Mon Nov 17 09:27:19.367472 2025] [proxy:debug] [pid 48:tid 85] proxy_util.c(2602): [client 10.128.0.22:41168] AH00944: connecting http://127.0.0.1/v1/drivers to 127.0.0.1:80
2025-11-17T09:27:19.367478892Z [Mon Nov 17 09:27:19.367476 2025] [proxy:debug] [pid 48:tid 85] proxy_util.c(2638): [client 10.128.0.22:41168] AH02545: http: has determined UDS as /shared/ironic.sock
2025-11-17T09:27:19.367508483Z [Mon Nov 17 09:27:19.367493 2025] [proxy:debug] [pid 48:tid 85] proxy_util.c(2828): [client 10.128.0.22:41168] AH00947: connected /v1/drivers to httpd-UDS:0
2025-11-17T09:27:19.369531437Z [Mon Nov 17 09:27:19.369497 2025] [authz_core:debug] [pid 48:tid 87] mod_authz_core.c(815): [client 10.128.0.22:41158] AH01626: authorization result of Require valid-user : granted
2025-11-17T09:27:19.369531437Z [Mon Nov 17 09:27:19.369509 2025] [authz_core:debug] [pid 48:tid 87] mod_authz_core.c(815): [client 10.128.0.22:41158] AH01626: authorization result of <RequireAny>: granted
2025-11-17T09:27:19.369553443Z [Mon Nov 17 09:27:19.369533 2025] [proxy:debug] [pid 48:tid 87] mod_proxy.c(1527): [client 10.128.0.22:41158] AH01143: Running scheme http handler (attempt 0)
2025-11-17T09:27:19.369553443Z [Mon Nov 17 09:27:19.369537 2025] [proxy_ajp:debug] [pid 48:tid 87] mod_proxy_ajp.c(780): [client 10.128.0.22:41158] AH00894: declining URL http://127.0.0.1/v1/drivers
2025-11-17T09:27:19.369553443Z [Mon Nov 17 09:27:19.369542 2025] [proxy:debug] [pid 48:tid 87] proxy_util.c(2539): AH00942: http: has acquired connection for (127.0.0.1)
2025-11-17T09:27:19.369553443Z [Mon Nov 17 09:27:19.369546 2025] [proxy:debug] [pid 48:tid 87] proxy_util.c(2602): [client 10.128.0.22:41158] AH00944: connecting http://127.0.0.1/v1/drivers to 127.0.0.1:80
2025-11-17T09:27:19.369553443Z [Mon Nov 17 09:27:19.369549 2025] [proxy:debug] [pid 48:tid 87] proxy_util.c(2638): [client 10.128.0.22:41158] AH02545: http: has determined UDS as /shared/ironic.sock
2025-11-17T09:27:19.369561226Z [Mon Nov 17 09:27:19.369552 2025] [proxy:debug] [pid 48:tid 87] proxy_util.c(2828): [client 10.128.0.22:41158] AH00947: connected /v1/drivers to httpd-UDS:0
2025-11-17T09:27:19.414438847Z [Mon Nov 17 09:27:19.414371 2025] [proxy:debug] [pid 48:tid 85] proxy_util.c(2554): AH00943: http: has released connection for (127.0.0.1)
2025-11-17T09:27:19.414554070Z 10.128.0.22 - ironic-user [17/Nov/2025:09:27:19 +0000] "GET /v1/drivers HTTP/1.1" 200 3258 "-" "gophercloud/v1.5.0"
2025-11-17T09:27:19.422393499Z [Mon Nov 17 09:27:19.422317 2025] [proxy:debug] [pid 48:tid 87] proxy_util.c(2554): AH00943: http: has released connection for (127.0.0.1)
2025-11-17T09:27:19.422557495Z 10.128.0.22 - ironic-user [17/Nov/2025:09:27:19 +0000] "GET /v1/drivers HTTP/1.1" 200 3258 "-" "gophercloud/v1.5.0"
2025-11-17T09:27:19.439382504Z [Mon Nov 17 09:27:19.439253 2025] [ssl:info] [pid 47:tid 81] [client 10.128.0.22:41704] AH01964: Connection to child 67 established (server 2620:52:0:2e1a::21:5051)
2025-11-17T09:27:19.440891371Z [Mon Nov 17 09:27:19.439440 2025] [ssl:debug] [pid 47:tid 81] ssl_engine_kernel.c(2315): [client 10.128.0.22:41704] AH02044: No matching SSL virtual host for servername metal3-state.openshift-machine-api.svc.cluster.local found (using default/first virtual host)
2025-11-17T09:27:19.441332429Z [Mon Nov 17 09:27:19.441269 2025] [ssl:info] [pid 47:tid 84] [client 10.128.0.22:41720] AH01964: Connection to child 68 established (server 2620:52:0:2e1a::21:5051)
2025-11-17T09:27:19.441462311Z [Mon Nov 17 09:27:19.441400 2025] [ssl:debug] [pid 47:tid 84] ssl_engine_kernel.c(2315): [client 10.128.0.22:41720] AH02044: No matching SSL virtual host for servername metal3-state.openshift-machine-api.svc.cluster.local found (using default/first virtual host)
2025-11-17T09:27:19.449435320Z [Mon Nov 17 09:27:19.449379 2025] [ssl:debug] [pid 47:tid 84] ssl_engine_kernel.c(2167): [client 10.128.0.22:41720] AH02041: Protocol: TLSv1.3, Cipher: TLS_AES_128_GCM_SHA256 (128/128 bits)
2025-11-17T09:27:19.451474735Z [Mon Nov 17 09:27:19.449629 2025] [ssl:debug] [pid 47:tid 84] ssl_engine_kernel.c(341): [client 10.128.0.22:41720] AH02034: Initial (No.1) HTTPS request received for child 68 (server 2620:52:0:2e1a::21:5051)
2025-11-17T09:27:19.451474735Z [Mon Nov 17 09:27:19.449697 2025] [authz_core:debug] [pid 47:tid 84] mod_authz_core.c(815): [client 10.128.0.22:41720] AH01626: authorization result of Require all granted: granted
2025-11-17T09:27:19.451474735Z [Mon Nov 17 09:27:19.449702 2025] [authz_core:debug] [pid 47:tid 84] mod_authz_core.c(815): [client 10.128.0.22:41720] AH01626: authorization result of <RequireAny>: granted
2025-11-17T09:27:19.451474735Z [Mon Nov 17 09:27:19.449728 2025] [proxy:debug] [pid 47:tid 84] mod_proxy.c(1527): [client 10.128.0.22:41720] AH01143: Running scheme http handler (attempt 0)
2025-11-17T09:27:19.451474735Z [Mon Nov 17 09:27:19.449733 2025] [proxy_ajp:debug] [pid 47:tid 84] mod_proxy_ajp.c(780): [client 10.128.0.22:41720] AH00894: declining URL http://127.0.0.1/v1
2025-11-17T09:27:19.451474735Z [Mon Nov 17 09:27:19.449740 2025] [proxy:debug] [pid 47:tid 84] proxy_util.c(2539): AH00942: http: has acquired connection for (127.0.0.1)
2025-11-17T09:27:19.451474735Z [Mon Nov 17 09:27:19.449745 2025] [proxy:debug] [pid 47:tid 84] proxy_util.c(2602): [client 10.128.0.22:41720] AH00944: connecting http://127.0.0.1/v1 to 127.0.0.1:80
2025-11-17T09:27:19.451474735Z [Mon Nov 17 09:27:19.449749 2025] [proxy:debug] [pid 47:tid 84] proxy_util.c(2638): [client 10.128.0.22:41720] AH02545: http: has determined UDS as /shared/inspector.sock
2025-11-17T09:27:19.451474735Z [Mon Nov 17 09:27:19.449917 2025] [proxy:debug] [pid 47:tid 84] proxy_util.c(2828): [client 10.128.0.22:41720] AH00947: connected /v1 to httpd-UDS:0
2025-11-17T09:27:19.451474735Z [Mon Nov 17 09:27:19.449982 2025] [proxy:debug] [pid 47:tid 84] proxy_util.c(3196): AH02823: http: connection established with Unix domain socket /shared/inspector.sock (127.0.0.1)
2025-11-17T09:27:19.451474735Z [Mon Nov 17 09:27:19.449995 2025] [proxy:debug] [pid 47:tid 84] proxy_util.c(3481): AH00962: http: connection complete to 0.0.0.0:0 (httpd-UDS)
2025-11-17T09:27:19.451474735Z [Mon Nov 17 09:27:19.450001 2025] [core:debug] [pid 47:tid 84] core.c(5365): (95)Operation not supported: [remote /shared/inspector.sock:12147] AH00139: apr_socket_opt_set(APR_TCP_NODELAY)
2025-11-17T09:27:19.454962947Z [Mon Nov 17 09:27:19.454723 2025] [ssl:debug] [pid 47:tid 81] ssl_engine_kernel.c(2167): [client 10.128.0.22:41704] AH02041: Protocol: TLSv1.3, Cipher: TLS_AES_128_GCM_SHA256 (128/128 bits)
2025-11-17T09:27:19.455010380Z [Mon Nov 17 09:27:19.454983 2025] [ssl:debug] [pid 47:tid 81] ssl_engine_kernel.c(341): [client 10.128.0.22:41704] AH02034: Initial (No.1) HTTPS request received for child 67 (server 2620:52:0:2e1a::21:5051)
2025-11-17T09:27:19.456367799Z [Mon Nov 17 09:27:19.455030 2025] [authz_core:debug] [pid 47:tid 81] mod_authz_core.c(815): [client 10.128.0.22:41704] AH01626: authorization result of Require all granted: granted
2025-11-17T09:27:19.456367799Z [Mon Nov 17 09:27:19.455037 2025] [authz_core:debug] [pid 47:tid 81] mod_authz_core.c(815): [client 10.128.0.22:41704] AH01626: authorization result of <RequireAny>: granted
2025-11-17T09:27:19.456367799Z [Mon Nov 17 09:27:19.455059 2025] [proxy:debug] [pid 47:tid 81] mod_proxy.c(1527): [client 10.128.0.22:41704] AH01143: Running scheme http handler (attempt 0)
2025-11-17T09:27:19.456367799Z [Mon Nov 17 09:27:19.455063 2025] [proxy_ajp:debug] [pid 47:tid 81] mod_proxy_ajp.c(780): [client 10.128.0.22:41704] AH00894: declining URL http://127.0.0.1/v1
2025-11-17T09:27:19.456367799Z [Mon Nov 17 09:27:19.455069 2025] [proxy:debug] [pid 47:tid 81] proxy_util.c(2539): AH00942: http: has acquired connection for (127.0.0.1)
2025-11-17T09:27:19.456367799Z [Mon Nov 17 09:27:19.455074 2025] [proxy:debug] [pid 47:tid 81] proxy_util.c(2602): [client 10.128.0.22:41704] AH00944: connecting http://127.0.0.1/v1 to 127.0.0.1:80
2025-11-17T09:27:19.456367799Z [Mon Nov 17 09:27:19.455078 2025] [proxy:debug] [pid 47:tid 81] proxy_util.c(2638): [client 10.128.0.22:41704] AH02545: http: has determined UDS as /shared/inspector.sock
2025-11-17T09:27:19.456367799Z [Mon Nov 17 09:27:19.455226 2025] [proxy:debug] [pid 47:tid 81] proxy_util.c(2828): [client 10.128.0.22:41704] AH00947: connected /v1 to httpd-UDS:0
2025-11-17T09:27:19.456367799Z [Mon Nov 17 09:27:19.455268 2025] [proxy:debug] [pid 47:tid 81] proxy_util.c(3196): AH02823: http: connection established with Unix domain socket /shared/inspector.sock (127.0.0.1)
2025-11-17T09:27:19.456367799Z [Mon Nov 17 09:27:19.455278 2025] [proxy:debug] [pid 47:tid 81] proxy_util.c(3481): AH00962: http: connection complete to 0.0.0.0:0 (httpd-UDS)
2025-11-17T09:27:19.456367799Z [Mon Nov 17 09:27:19.455285 2025] [core:debug] [pid 47:tid 81] core.c(5365): (95)Operation not supported: [remote /shared/inspector.sock:12147] AH00139: apr_socket_opt_set(APR_TCP_NODELAY)
2025-11-17T09:27:19.481138194Z [Mon Nov 17 09:27:19.481080 2025] [proxy:debug] [pid 47:tid 84] proxy_util.c(2554): AH00943: http: has released connection for (127.0.0.1)
2025-11-17T09:27:19.481280586Z 10.128.0.22 - - [17/Nov/2025:09:27:19 +0000] "GET /v1 HTTP/1.1" 200 413 "-" "gophercloud/v1.5.0"
2025-11-17T09:27:19.483787132Z [Mon Nov 17 09:27:19.483748 2025] [proxy:debug] [pid 47:tid 81] proxy_util.c(2554): AH00943: http: has released connection for (127.0.0.1)
2025-11-17T09:27:19.487824054Z 10.128.0.22 - - [17/Nov/2025:09:27:19 +0000] "GET /v1 HTTP/1.1" 200 413 "-" "gophercloud/v1.5.0"
2025-11-17T09:27:22.218735257Z [Mon Nov 17 09:27:22.218022 2025] [ssl:debug] [pid 47:tid 86] ssl_engine_io.c(1151): [client XXXXXXXXXXX:59098] AH02001: Connection closed to child 69 with standard shutdown (server 2620:52:0:2e1a::21:6388)
2025-11-17T09:27:24.415463066Z [Mon Nov 17 09:27:24.415409 2025] [ssl:debug] [pid 48:tid 88] ssl_engine_io.c(1151): [client 10.128.0.22:41168] AH02001: Connection closed to child 132 with standard shutdown (server 2620:52:0:2e1a::21:6388)
2025-11-17T09:27:24.423939352Z [Mon Nov 17 09:27:24.423882 2025] [ssl:debug] [pid 48:tid 91] ssl_engine_io.c(1151): [client 10.128.0.22:41158] AH02001: Connection closed to child 135 with standard shutdown (server 2620:52:0:2e1a::21:6388)
2025-11-17T09:27:24.482727052Z [Mon Nov 17 09:27:24.481944 2025] [ssl:debug] [pid 47:tid 93] ssl_engine_io.c(1151): [client 10.128.0.22:41720] AH02001: Connection closed to child 70 with standard shutdown (server 2620:52:0:2e1a::21:5051)
2025-11-17T09:27:24.486722510Z [Mon Nov 17 09:27:24.485928 2025] [ssl:debug] [pid 47:tid 95] ssl_engine_io.c(1151): [client 10.128.0.22:41704] AH02001: Connection closed to child 71 with standard shutdown (server 2620:52:0:2e1a::21:5051)
2025-11-17T09:27:52.701949525Z [Mon Nov 17 09:27:52.701885 2025] [ssl:info] [pid 46:tid 56] [client 10.128.0.22:48946] AH01964: Connection to child 6 established (server 2620:52:0:2e1a::21:6388)
2025-11-17T09:27:52.702025967Z [Mon Nov 17 09:27:52.701997 2025] [ssl:info] [pid 47:tid 96] [client 10.128.0.22:48930] AH01964: Connection to child 72 established (server 2620:52:0:2e1a::21:6388)
2025-11-17T09:27:52.702078867Z [Mon Nov 17 09:27:52.702064 2025] [ssl:debug] [pid 46:tid 56] ssl_engine_kernel.c(2315): [client 10.128.0.22:48946] AH02044: No matching SSL virtual host for servername metal3-state.openshift-machine-api.svc.cluster.local found (using default/first virtual host)
2025-11-17T09:27:52.702301536Z [Mon Nov 17 09:27:52.702273 2025] [ssl:debug] [pid 47:tid 96] ssl_engine_kernel.c(2315): [client 10.128.0.22:48930] AH02044: No matching SSL virtual host for servername metal3-state.openshift-machine-api.svc.cluster.local found (using default/first virtual host)
2025-11-17T09:27:52.704803602Z [Mon Nov 17 09:27:52.704351 2025] [ssl:debug] [pid 46:tid 56] ssl_engine_kernel.c(2167): [client 10.128.0.22:48946] AH02041: Protocol: TLSv1.3, Cipher: TLS_AES_128_GCM_SHA256 (128/128 bits)
2025-11-17T09:27:52.704803602Z [Mon Nov 17 09:27:52.704465 2025] [ssl:debug] [pid 47:tid 96] ssl_engine_kernel.c(2167): [client 10.128.0.22:48930] AH02041: Protocol: TLSv1.3, Cipher: TLS_AES_128_GCM_SHA256 (128/128 bits)
2025-11-17T09:27:52.704803602Z [Mon Nov 17 09:27:52.704547 2025] [ssl:debug] [pid 46:tid 56] ssl_engine_kernel.c(341): [client 10.128.0.22:48946] AH02034: Initial (No.1) HTTPS request received for child 6 (server 2620:52:0:2e1a::21:6388)
2025-11-17T09:27:52.704803602Z [Mon Nov 17 09:27:52.704585 2025] [authz_core:debug] [pid 46:tid 56] mod_authz_core.c(815): [client 10.128.0.22:48946] AH01626: authorization result of Require all granted: granted
2025-11-17T09:27:52.704803602Z [Mon Nov 17 09:27:52.704588 2025] [authz_core:debug] [pid 46:tid 56] mod_authz_core.c(815): [client 10.128.0.22:48946] AH01626: authorization result of <RequireAny>: granted
2025-11-17T09:27:52.704803602Z [Mon Nov 17 09:27:52.704606 2025] [proxy:debug] [pid 46:tid 56] mod_proxy.c(1527): [client 10.128.0.22:48946] AH01143: Running scheme http handler (attempt 0)
2025-11-17T09:27:52.704803602Z [Mon Nov 17 09:27:52.704609 2025] [proxy_ajp:debug] [pid 46:tid 56] mod_proxy_ajp.c(780): [client 10.128.0.22:48946] AH00894: declining URL http://127.0.0.1/v1
2025-11-17T09:27:52.704803602Z [Mon Nov 17 09:27:52.704617 2025] [proxy:debug] [pid 46:tid 56] proxy_util.c(2539): AH00942: http: has acquired connection for (127.0.0.1)
2025-11-17T09:27:52.704803602Z [Mon Nov 17 09:27:52.704622 2025] [proxy:debug] [pid 46:tid 56] proxy_util.c(2602): [client 10.128.0.22:48946] AH00944: connecting http://127.0.0.1/v1 to 127.0.0.1:80
2025-11-17T09:27:52.704803602Z [Mon Nov 17 09:27:52.704625 2025] [proxy:debug] [pid 46:tid 56] proxy_util.c(2638): [client 10.128.0.22:48946] AH02545: http: has determined UDS as /shared/ironic.sock
2025-11-17T09:27:52.704803602Z [Mon Nov 17 09:27:52.704628 2025] [proxy:debug] [pid 46:tid 56] proxy_util.c(2828): [client 10.128.0.22:48946] AH00947: connected /v1 to httpd-UDS:0
2025-11-17T09:27:52.704803602Z [Mon Nov 17 09:27:52.704624 2025] [ssl:debug] [pid 47:tid 96] ssl_engine_kernel.c(341): [client 10.128.0.22:48930] AH02034: Initial (No.1) HTTPS request received for child 72 (server 2620:52:0:2e1a::21:6388)
2025-11-17T09:27:52.704803602Z [Mon Nov 17 09:27:52.704669 2025] [authz_core:debug] [pid 47:tid 96] mod_authz_core.c(815): [client 10.128.0.22:48930] AH01626: authorization result of Require all granted: granted
2025-11-17T09:27:52.704803602Z [Mon Nov 17 09:27:52.704671 2025] [authz_core:debug] [pid 47:tid 96] mod_authz_core.c(815): [client 10.128.0.22:48930] AH01626: authorization result of <RequireAny>: granted
2025-11-17T09:27:52.704803602Z [Mon Nov 17 09:27:52.704702 2025] [proxy:debug] [pid 47:tid 96] mod_proxy.c(1527): [client 10.128.0.22:48930] AH01143: Running scheme http handler (attempt 0)
2025-11-17T09:27:52.704803602Z [Mon Nov 17 09:27:52.704706 2025] [proxy_ajp:debug] [pid 47:tid 96] mod_proxy_ajp.c(780): [client 10.128.0.22:48930] AH00894: declining URL http://127.0.0.1/v1
2025-11-17T09:27:52.704803602Z [Mon Nov 17 09:27:52.704710 2025] [proxy:debug] [pid 47:tid 96] proxy_util.c(2539): AH00942: http: has acquired connection for (127.0.0.1)
2025-11-17T09:27:52.704803602Z [Mon Nov 17 09:27:52.704714 2025] [proxy:debug] [pid 47:tid 96] proxy_util.c(2602): [client 10.128.0.22:48930] AH00944: connecting http://127.0.0.1/v1 to 127.0.0.1:80
2025-11-17T09:27:52.704803602Z [Mon Nov 17 09:27:52.704716 2025] [proxy:debug] [pid 47:tid 96] proxy_util.c(2638): [client 10.128.0.22:48930] AH02545: http: has determined UDS as /shared/ironic.sock
2025-11-17T09:27:52.704803602Z [Mon Nov 17 09:27:52.704718 2025] [proxy:debug] [pid 47:tid 96] proxy_util.c(2828): [client 10.128.0.22:48930] AH00947: connected /v1 to httpd-UDS:0
2025-11-17T09:27:52.707568262Z [Mon Nov 17 09:27:52.707530 2025] [proxy:debug] [pid 46:tid 56] proxy_util.c(2554): AH00943: http: has released connection for (127.0.0.1)
2025-11-17T09:27:52.708319667Z 10.128.0.22 - - [17/Nov/2025:09:27:52 +0000] "GET /v1 HTTP/1.1" 200 2225 "-" "gophercloud/v1.5.0"
2025-11-17T09:27:52.708367242Z [Mon Nov 17 09:27:52.707906 2025] [ssl:debug] [pid 46:tid 57] ssl_engine_kernel.c(341): [client 10.128.0.22:48946] AH02034: Subsequent (No.2) HTTPS request received for child 7 (server 2620:52:0:2e1a::21:6388)
2025-11-17T09:27:52.708367242Z [Mon Nov 17 09:27:52.707939 2025] [authz_core:debug] [pid 46:tid 57] mod_authz_core.c(815): [client 10.128.0.22:48946] AH01626: authorization result of Require valid-user : denied (no authenticated user yet)
2025-11-17T09:27:52.708367242Z [Mon Nov 17 09:27:52.707943 2025] [authz_core:debug] [pid 46:tid 57] mod_authz_core.c(815): [client 10.128.0.22:48946] AH01626: authorization result of <RequireAny>: denied (no authenticated user yet)
2025-11-17T09:27:52.710381628Z [Mon Nov 17 09:27:52.710309 2025] [authz_core:debug] [pid 46:tid 57] mod_authz_core.c(815): [client 10.128.0.22:48946] AH01626: authorization result of Require valid-user : granted
2025-11-17T09:27:52.710381628Z [Mon Nov 17 09:27:52.710330 2025] [authz_core:debug] [pid 46:tid 57] mod_authz_core.c(815): [client 10.128.0.22:48946] AH01626: authorization result of <RequireAny>: granted
2025-11-17T09:27:52.710381628Z [Mon Nov 17 09:27:52.710352 2025] [proxy:debug] [pid 46:tid 57] mod_proxy.c(1527): [client 10.128.0.22:48946] AH01143: Running scheme http handler (attempt 0)
2025-11-17T09:27:52.710381628Z [Mon Nov 17 09:27:52.710356 2025] [proxy_ajp:debug] [pid 46:tid 57] mod_proxy_ajp.c(780): [client 10.128.0.22:48946] AH00894: declining URL http://127.0.0.1/v1/drivers
2025-11-17T09:27:52.710381628Z [Mon Nov 17 09:27:52.710361 2025] [proxy:debug] [pid 46:tid 57] proxy_util.c(2539): AH00942: http: has acquired connection for (127.0.0.1)
2025-11-17T09:27:52.710381628Z [Mon Nov 17 09:27:52.710367 2025] [proxy:debug] [pid 46:tid 57] proxy_util.c(2602): [client 10.128.0.22:48946] AH00944: connecting http://127.0.0.1/v1/drivers to 127.0.0.1:80
2025-11-17T09:27:52.710381628Z [Mon Nov 17 09:27:52.710370 2025] [proxy:debug] [pid 46:tid 57] proxy_util.c(2638): [client 10.128.0.22:48946] AH02545: http: has determined UDS as /shared/ironic.sock
2025-11-17T09:27:52.710381628Z [Mon Nov 17 09:27:52.710374 2025] [proxy:debug] [pid 46:tid 57] proxy_util.c(2828): [client 10.128.0.22:48946] AH00947: connected /v1/drivers to httpd-UDS:0
2025-11-17T09:27:52.710444054Z [Mon Nov 17 09:27:52.710434 2025] [proxy:debug] [pid 47:tid 96] proxy_util.c(2554): AH00943: http: has released connection for (127.0.0.1)
2025-11-17T09:27:52.710569668Z 10.128.0.22 - - [17/Nov/2025:09:27:52 +0000] "GET /v1 HTTP/1.1" 200 2225 "-" "gophercloud/v1.5.0"
2025-11-17T09:27:52.712964152Z [Mon Nov 17 09:27:52.712874 2025] [ssl:debug] [pid 47:tid 97] ssl_engine_kernel.c(341): [client 10.128.0.22:48930] AH02034: Subsequent (No.2) HTTPS request received for child 73 (server 2620:52:0:2e1a::21:6388)
2025-11-17T09:27:52.712964152Z [Mon Nov 17 09:27:52.712950 2025] [authz_core:debug] [pid 47:tid 97] mod_authz_core.c(815): [client 10.128.0.22:48930] AH01626: authorization result of Require valid-user : denied (no authenticated user yet)
2025-11-17T09:27:52.713012636Z [Mon Nov 17 09:27:52.712961 2025] [authz_core:debug] [pid 47:tid 97] mod_authz_core.c(815): [client 10.128.0.22:48930] AH01626: authorization result of <RequireAny>: denied (no authenticated user yet)
2025-11-17T09:27:52.715198853Z [Mon Nov 17 09:27:52.715176 2025] [authz_core:debug] [pid 47:tid 97] mod_authz_core.c(815): [client 10.128.0.22:48930] AH01626: authorization result of Require valid-user : granted
2025-11-17T09:27:52.715198853Z [Mon Nov 17 09:27:52.715181 2025] [authz_core:debug] [pid 47:tid 97] mod_authz_core.c(815): [client 10.128.0.22:48930] AH01626: authorization result of <RequireAny>: granted
2025-11-17T09:27:52.715198853Z [Mon Nov 17 09:27:52.715190 2025] [proxy:debug] [pid 47:tid 97] mod_proxy.c(1527): [client 10.128.0.22:48930] AH01143: Running scheme http handler (attempt 0)
2025-11-17T09:27:52.715198853Z [Mon Nov 17 09:27:52.715192 2025] [proxy_ajp:debug] [pid 47:tid 97] mod_proxy_ajp.c(780): [client 10.128.0.22:48930] AH00894: declining URL http://127.0.0.1/v1/drivers
2025-11-17T09:27:52.715198853Z [Mon Nov 17 09:27:52.715194 2025] [proxy:debug] [pid 47:tid 97] proxy_util.c(2539): AH00942: http: has acquired connection for (127.0.0.1)
2025-11-17T09:27:52.715215749Z [Mon Nov 17 09:27:52.715196 2025] [proxy:debug] [pid 47:tid 97] proxy_util.c(2602): [client 10.128.0.22:48930] AH00944: connecting http://127.0.0.1/v1/drivers to 127.0.0.1:80
2025-11-17T09:27:52.715215749Z [Mon Nov 17 09:27:52.715198 2025] [proxy:debug] [pid 47:tid 97] proxy_util.c(2638): [client 10.128.0.22:48930] AH02545: http: has determined UDS as /shared/ironic.sock
2025-11-17T09:27:52.715215749Z [Mon Nov 17 09:27:52.715200 2025] [proxy:debug] [pid 47:tid 97] proxy_util.c(2828): [client 10.128.0.22:48930] AH00947: connected /v1/drivers to httpd-UDS:0
2025-11-17T09:27:52.723210617Z [Mon Nov 17 09:27:52.723175 2025] [proxy:debug] [pid 46:tid 57] proxy_util.c(2554): AH00943: http: has released connection for (127.0.0.1)
2025-11-17T09:27:52.724602405Z 10.128.0.22 - ironic-user [17/Nov/2025:09:27:52 +0000] "GET /v1/drivers HTTP/1.1" 200 3258 "-" "gophercloud/v1.5.0"
2025-11-17T09:27:52.725021349Z [Mon Nov 17 09:27:52.724748 2025] [ssl:debug] [pid 46:tid 58] ssl_engine_kernel.c(341): [client 10.128.0.22:48946] AH02034: Subsequent (No.3) HTTPS request received for child 8 (server 2620:52:0:2e1a::21:6388)
2025-11-17T09:27:52.725021349Z [Mon Nov 17 09:27:52.724784 2025] [authz_core:debug] [pid 46:tid 58] mod_authz_core.c(815): [client 10.128.0.22:48946] AH01626: authorization result of Require all granted: granted
2025-11-17T09:27:52.725021349Z [Mon Nov 17 09:27:52.724787 2025] [authz_core:debug] [pid 46:tid 58] mod_authz_core.c(815): [client 10.128.0.22:48946] AH01626: authorization result of <RequireAny>: granted
2025-11-17T09:27:52.725021349Z [Mon Nov 17 09:27:52.724803 2025] [proxy:debug] [pid 46:tid 58] mod_proxy.c(1527): [client 10.128.0.22:48946] AH01143: Running scheme http handler (attempt 0)
2025-11-17T09:27:52.725021349Z [Mon Nov 17 09:27:52.724805 2025] [proxy_ajp:debug] [pid 46:tid 58] mod_proxy_ajp.c(780): [client 10.128.0.22:48946] AH00894: declining URL http://127.0.0.1/v1
2025-11-17T09:27:52.725021349Z [Mon Nov 17 09:27:52.724808 2025] [proxy:debug] [pid 46:tid 58] proxy_util.c(2539): AH00942: http: has acquired connection for (127.0.0.1)
2025-11-17T09:27:52.725021349Z [Mon Nov 17 09:27:52.724811 2025] [proxy:debug] [pid 46:tid 58] proxy_util.c(2602): [client 10.128.0.22:48946] AH00944: connecting http://127.0.0.1/v1 to 127.0.0.1:80
2025-11-17T09:27:52.725021349Z [Mon Nov 17 09:27:52.724814 2025] [proxy:debug] [pid 46:tid 58] proxy_util.c(2638): [client 10.128.0.22:48946] AH02545: http: has determined UDS as /shared/ironic.sock
2025-11-17T09:27:52.725021349Z [Mon Nov 17 09:27:52.724816 2025] [proxy:debug] [pid 46:tid 58] proxy_util.c(2828): [client 10.128.0.22:48946] AH00947: connected /v1 to httpd-UDS:0
2025-11-17T09:27:52.727892400Z [Mon Nov 17 09:27:52.727870 2025] [ssl:info] [pid 46:tid 60] [client 10.128.0.22:48952] AH01964: Connection to child 10 established (server 2620:52:0:2e1a::21:6388)
2025-11-17T09:27:52.728001854Z [Mon Nov 17 09:27:52.727988 2025] [ssl:debug] [pid 46:tid 60] ssl_engine_kernel.c(2315): [client 10.128.0.22:48952] AH02044: No matching SSL virtual host for servername metal3-state.openshift-machine-api.svc.cluster.local found (using default/first virtual host)
2025-11-17T09:27:52.728121439Z [Mon Nov 17 09:27:52.728104 2025] [ssl:info] [pid 46:tid 59] [client 10.128.0.22:48966] AH01964: Connection to child 9 established (server 2620:52:0:2e1a::21:6388)
2025-11-17T09:27:52.728213577Z [Mon Nov 17 09:27:52.728200 2025] [ssl:debug] [pid 46:tid 59] ssl_engine_kernel.c(2315): [client 10.128.0.22:48966] AH02044: No matching SSL virtual host for servername metal3-state.openshift-machine-api.svc.cluster.local found (using default/first virtual host)
2025-11-17T09:27:52.729179287Z [Mon Nov 17 09:27:52.729148 2025] [ssl:info] [pid 48:tid 90] [client 10.128.0.22:50994] AH01964: Connection to child 134 established (server 2620:52:0:2e1a::21:5051)
2025-11-17T09:27:52.729287432Z [Mon Nov 17 09:27:52.729268 2025] [ssl:debug] [pid 48:tid 90] ssl_engine_kernel.c(2315): [client 10.128.0.22:50994] AH02044: No matching SSL virtual host for servername metal3-state.openshift-machine-api.svc.cluster.local found (using default/first virtual host)
2025-11-17T09:27:52.730431532Z [Mon Nov 17 09:27:52.730060 2025] [ssl:debug] [pid 46:tid 60] ssl_engine_kernel.c(2167): [client 10.128.0.22:48952] AH02041: Protocol: TLSv1.3, Cipher: TLS_AES_128_GCM_SHA256 (128/128 bits)
2025-11-17T09:27:52.730431532Z [Mon Nov 17 09:27:52.730155 2025] [ssl:debug] [pid 46:tid 59] ssl_engine_kernel.c(2167): [client 10.128.0.22:48966] AH02041: Protocol: TLSv1.3, Cipher: TLS_AES_128_GCM_SHA256 (128/128 bits)
2025-11-17T09:27:52.730431532Z [Mon Nov 17 09:27:52.730203 2025] [ssl:debug] [pid 46:tid 60] ssl_engine_kernel.c(341): [client 10.128.0.22:48952] AH02034: Initial (No.1) HTTPS request received for child 10 (server 2620:52:0:2e1a::21:6388)
2025-11-17T09:27:52.730431532Z [Mon Nov 17 09:27:52.730234 2025] [authz_core:debug] [pid 46:tid 60] mod_authz_core.c(815): [client 10.128.0.22:48952] AH01626: authorization result of Require all granted: granted
2025-11-17T09:27:52.730431532Z [Mon Nov 17 09:27:52.730237 2025] [authz_core:debug] [pid 46:tid 60] mod_authz_core.c(815): [client 10.128.0.22:48952] AH01626: authorization result of <RequireAny>: granted
2025-11-17T09:27:52.730431532Z [Mon Nov 17 09:27:52.730251 2025] [proxy:debug] [pid 46:tid 60] mod_proxy.c(1527): [client 10.128.0.22:48952] AH01143: Running scheme http handler (attempt 0)
2025-11-17T09:27:52.730431532Z [Mon Nov 17 09:27:52.730253 2025] [proxy_ajp:debug] [pid 46:tid 60] mod_proxy_ajp.c(780): [client 10.128.0.22:48952] AH00894: declining URL http://127.0.0.1/v1
2025-11-17T09:27:52.730431532Z [Mon Nov 17 09:27:52.730257 2025] [proxy:debug] [pid 46:tid 60] proxy_util.c(2539): AH00942: http: has acquired connection for (127.0.0.1)
2025-11-17T09:27:52.730431532Z [Mon Nov 17 09:27:52.730260 2025] [proxy:debug] [pid 46:tid 60] proxy_util.c(2602): [client 10.128.0.22:48952] AH00944: connecting http://127.0.0.1/v1 to 127.0.0.1:80
2025-11-17T09:27:52.730431532Z [Mon Nov 17 09:27:52.730262 2025] [proxy:debug] [pid 46:tid 60] proxy_util.c(2638): [client 10.128.0.22:48952] AH02545: http: has determined UDS as /shared/ironic.sock
2025-11-17T09:27:52.730431532Z [Mon Nov 17 09:27:52.730292 2025] [ssl:debug] [pid 46:tid 59] ssl_engine_kernel.c(341): [client 10.128.0.22:48966] AH02034: Initial (No.1) HTTPS request received for child 9 (server 2620:52:0:2e1a::21:6388)
2025-11-17T09:27:52.730431532Z [Mon Nov 17 09:27:52.730347 2025] [authz_core:debug] [pid 46:tid 59] mod_authz_core.c(815): [client 10.128.0.22:48966] AH01626: authorization result of Require all granted: granted
2025-11-17T09:27:52.730431532Z [Mon Nov 17 09:27:52.730350 2025] [authz_core:debug] [pid 46:tid 59] mod_authz_core.c(815): [client 10.128.0.22:48966] AH01626: authorization result of <RequireAny>: granted
2025-11-17T09:27:52.730431532Z [Mon Nov 17 09:27:52.730361 2025] [proxy:debug] [pid 46:tid 59] mod_proxy.c(1527): [client 10.128.0.22:48966] AH01143: Running scheme http handler (attempt 0)
2025-11-17T09:27:52.730431532Z [Mon Nov 17 09:27:52.730363 2025] [proxy_ajp:debug] [pid 46:tid 59] mod_proxy_ajp.c(780): [client 10.128.0.22:48966] AH00894: declining URL http://127.0.0.1/v1
2025-11-17T09:27:52.730431532Z [Mon Nov 17 09:27:52.730368 2025] [proxy:debug] [pid 46:tid 59] proxy_util.c(2539): AH00942: http: has acquired connection for (127.0.0.1)
2025-11-17T09:27:52.730431532Z [Mon Nov 17 09:27:52.730371 2025] [proxy:debug] [pid 46:tid 59] proxy_util.c(2602): [client 10.128.0.22:48966] AH00944: connecting http://127.0.0.1/v1 to 127.0.0.1:80
2025-11-17T09:27:52.730431532Z [Mon Nov 17 09:27:52.730373 2025] [proxy:debug] [pid 46:tid 59] proxy_util.c(2638): [client 10.128.0.22:48966] AH02545: http: has determined UDS as /shared/ironic.sock
2025-11-17T09:27:52.730431532Z [Mon Nov 17 09:27:52.730394 2025] [proxy:debug] [pid 46:tid 60] proxy_util.c(2828): [client 10.128.0.22:48952] AH00947: connected /v1 to httpd-UDS:0
2025-11-17T09:27:52.730454335Z [Mon Nov 17 09:27:52.730429 2025] [proxy:debug] [pid 46:tid 60] proxy_util.c(3196): AH02823: http: connection established with Unix domain socket /shared/ironic.sock (127.0.0.1)
2025-11-17T09:27:52.730454335Z [Mon Nov 17 09:27:52.730437 2025] [proxy:debug] [pid 46:tid 60] proxy_util.c(3481): AH00962: http: connection complete to 0.0.0.0:0 (httpd-UDS)
2025-11-17T09:27:52.730454335Z [Mon Nov 17 09:27:52.730441 2025] [core:debug] [pid 46:tid 60] core.c(5365): (95)Operation not supported: [remote /shared/ironic.sock:12147] AH00139: apr_socket_opt_set(APR_TCP_NODELAY)
2025-11-17T09:27:52.730675633Z [Mon Nov 17 09:27:52.730457 2025] [proxy:debug] [pid 46:tid 59] proxy_util.c(2828): [client 10.128.0.22:48966] AH00947: connected /v1 to httpd-UDS:0
2025-11-17T09:27:52.730675633Z [Mon Nov 17 09:27:52.730494 2025] [proxy:debug] [pid 46:tid 59] proxy_util.c(3196): AH02823: http: connection established with Unix domain socket /shared/ironic.sock (127.0.0.1)
2025-11-17T09:27:52.730675633Z [Mon Nov 17 09:27:52.730503 2025] [proxy:debug] [pid 46:tid 59] proxy_util.c(3481): AH00962: http: connection complete to 0.0.0.0:0 (httpd-UDS)
2025-11-17T09:27:52.730675633Z [Mon Nov 17 09:27:52.730507 2025] [core:debug] [pid 46:tid 59] core.c(5365): (95)Operation not supported: [remote /shared/ironic.sock:12147] AH00139: apr_socket_opt_set(APR_TCP_NODELAY)
2025-11-17T09:27:52.732143653Z [Mon Nov 17 09:27:52.732114 2025] [ssl:debug] [pid 48:tid 90] ssl_engine_kernel.c(2167): [client 10.128.0.22:50994] AH02041: Protocol: TLSv1.3, Cipher: TLS_AES_128_GCM_SHA256 (128/128 bits)
2025-11-17T09:27:52.732302949Z [Mon Nov 17 09:27:52.732284 2025] [ssl:debug] [pid 48:tid 90] ssl_engine_kernel.c(341): [client 10.128.0.22:50994] AH02034: Initial (No.1) HTTPS request received for child 134 (server 2620:52:0:2e1a::21:5051)
2025-11-17T09:27:52.732330179Z [Mon Nov 17 09:27:52.732309 2025] [authz_core:debug] [pid 48:tid 90] mod_authz_core.c(815): [client 10.128.0.22:50994] AH01626: authorization result of Require all granted: granted
2025-11-17T09:27:52.732330179Z [Mon Nov 17 09:27:52.732315 2025] [authz_core:debug] [pid 48:tid 90] mod_authz_core.c(815): [client 10.128.0.22:50994] AH01626: authorization result of <RequireAny>: granted
2025-11-17T09:27:52.732346178Z [Mon Nov 17 09:27:52.732334 2025] [proxy:debug] [pid 48:tid 90] mod_proxy.c(1527): [client 10.128.0.22:50994] AH01143: Running scheme http handler (attempt 0)
2025-11-17T09:27:52.732346178Z [Mon Nov 17 09:27:52.732340 2025] [proxy_ajp:debug] [pid 48:tid 90] mod_proxy_ajp.c(780): [client 10.128.0.22:50994] AH00894: declining URL http://127.0.0.1/v1
2025-11-17T09:27:52.732351677Z [Mon Nov 17 09:27:52.732345 2025] [proxy:debug] [pid 48:tid 90] proxy_util.c(2539): AH00942: http: has acquired connection for (127.0.0.1)
2025-11-17T09:27:52.732356135Z [Mon Nov 17 09:27:52.732349 2025] [proxy:debug] [pid 48:tid 90] proxy_util.c(2602): [client 10.128.0.22:50994] AH00944: connecting http://127.0.0.1/v1 to 127.0.0.1:80
2025-11-17T09:27:52.732356135Z [Mon Nov 17 09:27:52.732352 2025] [proxy:debug] [pid 48:tid 90] proxy_util.c(2638): [client 10.128.0.22:50994] AH02545: http: has determined UDS as /shared/inspector.sock
2025-11-17T09:27:52.732449860Z [Mon Nov 17 09:27:52.732433 2025] [proxy:debug] [pid 48:tid 90] proxy_util.c(2828): [client 10.128.0.22:50994] AH00947: connected /v1 to httpd-UDS:0
2025-11-17T09:27:52.732482466Z [Mon Nov 17 09:27:52.732469 2025] [proxy:debug] [pid 48:tid 90] proxy_util.c(3196): AH02823: http: connection established with Unix domain socket /shared/inspector.sock (127.0.0.1)
2025-11-17T09:27:52.732487179Z [Mon Nov 17 09:27:52.732479 2025] [proxy:debug] [pid 48:tid 90] proxy_util.c(3481): AH00962: http: connection complete to 0.0.0.0:0 (httpd-UDS)
2025-11-17T09:27:52.732491698Z [Mon Nov 17 09:27:52.732484 2025] [core:debug] [pid 48:tid 90] core.c(5365): (95)Operation not supported: [remote /shared/inspector.sock:12147] AH00139: apr_socket_opt_set(APR_TCP_NODELAY)
2025-11-17T09:27:52.734334890Z [Mon Nov 17 09:27:52.734276 2025] [proxy:debug] [pid 47:tid 97] proxy_util.c(2554): AH00943: http: has released connection for (127.0.0.1)
2025-11-17T09:27:52.734417511Z 10.128.0.22 - ironic-user [17/Nov/2025:09:27:52 +0000] "GET /v1/drivers HTTP/1.1" 200 3258 "-" "gophercloud/v1.5.0"
2025-11-17T09:27:52.734822443Z [Mon Nov 17 09:27:52.734782 2025] [proxy:debug] [pid 48:tid 90] proxy_util.c(2554): AH00943: http: has released connection for (127.0.0.1)
2025-11-17T09:27:52.734849575Z 10.128.0.22 - - [17/Nov/2025:09:27:52 +0000] "GET /v1 HTTP/1.1" 200 413 "-" "gophercloud/v1.5.0"
2025-11-17T09:27:52.736225419Z [Mon Nov 17 09:27:52.736169 2025] [proxy:debug] [pid 46:tid 58] proxy_util.c(2554): AH00943: http: has released connection for (127.0.0.1)
2025-11-17T09:27:52.736351915Z 10.128.0.22 - - [17/Nov/2025:09:27:52 +0000] "GET /v1 HTTP/1.1" 200 2225 "-" "gophercloud/v1.5.0"
2025-11-17T09:27:52.736439997Z [Mon Nov 17 09:27:52.736390 2025] [ssl:debug] [pid 48:tid 94] ssl_engine_kernel.c(341): [client 10.128.0.22:50994] AH02034: Subsequent (No.2) HTTPS request received for child 137 (server 2620:52:0:2e1a::21:5051)
2025-11-17T09:27:52.736439997Z [Mon Nov 17 09:27:52.736422 2025] [authz_core:debug] [pid 48:tid 94] mod_authz_core.c(815): [client 10.128.0.22:50994] AH01626: authorization result of Require all granted: granted
2025-11-17T09:27:52.736439997Z [Mon Nov 17 09:27:52.736425 2025] [authz_core:debug] [pid 48:tid 94] mod_authz_core.c(815): [client 10.128.0.22:50994] AH01626: authorization result of <RequireAny>: granted
2025-11-17T09:27:52.736439997Z [Mon Nov 17 09:27:52.736434 2025] [proxy:debug] [pid 48:tid 94] mod_proxy.c(1527): [client 10.128.0.22:50994] AH01143: Running scheme http handler (attempt 0)
2025-11-17T09:27:52.736477519Z [Mon Nov 17 09:27:52.736437 2025] [proxy_ajp:debug] [pid 48:tid 94] mod_proxy_ajp.c(780): [client 10.128.0.22:50994] AH00894: declining URL http://127.0.0.1/v1
2025-11-17T09:27:52.736477519Z [Mon Nov 17 09:27:52.736441 2025] [proxy:debug] [pid 48:tid 94] proxy_util.c(2539): AH00942: http: has acquired connection for (127.0.0.1)
2025-11-17T09:27:52.736477519Z [Mon Nov 17 09:27:52.736444 2025] [proxy:debug] [pid 48:tid 94] proxy_util.c(2602): [client 10.128.0.22:50994] AH00944: connecting http://127.0.0.1/v1 to 127.0.0.1:80
2025-11-17T09:27:52.736477519Z [Mon Nov 17 09:27:52.736448 2025] [proxy:debug] [pid 48:tid 94] proxy_util.c(2638): [client 10.128.0.22:50994] AH02545: http: has determined UDS as /shared/inspector.sock
2025-11-17T09:27:52.736477519Z [Mon Nov 17 09:27:52.736451 2025] [proxy:debug] [pid 48:tid 94] proxy_util.c(2828): [client 10.128.0.22:50994] AH00947: connected /v1 to httpd-UDS:0
2025-11-17T09:27:52.736602663Z [Mon Nov 17 09:27:52.736555 2025] [ssl:debug] [pid 46:tid 61] ssl_engine_kernel.c(341): [client 10.128.0.22:48946] AH02034: Subsequent (No.4) HTTPS request received for child 11 (server 2620:52:0:2e1a::21:6388)
2025-11-17T09:27:52.736602663Z [Mon Nov 17 09:27:52.736582 2025] [authz_core:debug] [pid 46:tid 61] mod_authz_core.c(815): [client 10.128.0.22:48946] AH01626: authorization result of Require valid-user : denied (no authenticated user yet)
2025-11-17T09:27:52.736602663Z [Mon Nov 17 09:27:52.736586 2025] [authz_core:debug] [pid 46:tid 61] mod_authz_core.c(815): [client 10.128.0.22:48946] AH01626: authorization result of <RequireAny>: denied (no authenticated user yet)
2025-11-17T09:27:52.737926855Z [Mon Nov 17 09:27:52.737862 2025] [proxy:debug] [pid 48:tid 94] proxy_util.c(2554): AH00943: http: has released connection for (127.0.0.1)
2025-11-17T09:27:52.737963632Z 10.128.0.22 - - [17/Nov/2025:09:27:52 +0000] "GET /v1 HTTP/1.1" 200 413 "-" "gophercloud/v1.5.0"
2025-11-17T09:27:52.738171897Z [Mon Nov 17 09:27:52.738119 2025] [proxy:debug] [pid 46:tid 60] proxy_util.c(2554): AH00943: http: has released connection for (127.0.0.1)
2025-11-17T09:27:52.738269940Z 10.128.0.22 - - [17/Nov/2025:09:27:52 +0000] "GET /v1 HTTP/1.1" 200 2225 "-" "gophercloud/v1.5.0"
2025-11-17T09:27:52.738870303Z [Mon Nov 17 09:27:52.738842 2025] [ssl:debug] [pid 46:tid 62] ssl_engine_kernel.c(341): [client 10.128.0.22:48952] AH02034: Subsequent (No.2) HTTPS request received for child 12 (server 2620:52:0:2e1a::21:6388)
2025-11-17T09:27:52.738877196Z [Mon Nov 17 09:27:52.738869 2025] [authz_core:debug] [pid 46:tid 62] mod_authz_core.c(815): [client 10.128.0.22:48952] AH01626: authorization result of Require valid-user : denied (no authenticated user yet)
2025-11-17T09:27:52.738877196Z [Mon Nov 17 09:27:52.738872 2025] [authz_core:debug] [pid 46:tid 62] mod_authz_core.c(815): [client 10.128.0.22:48952] AH01626: authorization result of <RequireAny>: denied (no authenticated user yet)
2025-11-17T09:27:52.738909555Z [Mon Nov 17 09:27:52.738887 2025] [authz_core:debug] [pid 46:tid 61] mod_authz_core.c(815): [client 10.128.0.22:48946] AH01626: authorization result of Require valid-user : granted
2025-11-17T09:27:52.738909555Z [Mon Nov 17 09:27:52.738899 2025] [authz_core:debug] [pid 46:tid 61] mod_authz_core.c(815): [client 10.128.0.22:48946] AH01626: authorization result of <RequireAny>: granted
2025-11-17T09:27:52.738917849Z [Mon Nov 17 09:27:52.738911 2025] [proxy:debug] [pid 46:tid 61] mod_proxy.c(1527): [client 10.128.0.22:48946] AH01143: Running scheme http handler (attempt 0)
2025-11-17T09:27:52.738917849Z [Mon Nov 17 09:27:52.738914 2025] [proxy_ajp:debug] [pid 46:tid 61] mod_proxy_ajp.c(780): [client 10.128.0.22:48946] AH00894: declining URL http://127.0.0.1/v1/drivers
2025-11-17T09:27:52.738938296Z [Mon Nov 17 09:27:52.738918 2025] [proxy:debug] [pid 46:tid 61] proxy_util.c(2539): AH00942: http: has acquired connection for (127.0.0.1)
2025-11-17T09:27:52.738938296Z [Mon Nov 17 09:27:52.738935 2025] [proxy:debug] [pid 46:tid 61] proxy_util.c(2602): [client 10.128.0.22:48946] AH00944: connecting http://127.0.0.1/v1/drivers to 127.0.0.1:80
2025-11-17T09:27:52.738942699Z [Mon Nov 17 09:27:52.738938 2025] [proxy:debug] [pid 46:tid 61] proxy_util.c(2638): [client 10.128.0.22:48946] AH02545: http: has determined UDS as /shared/ironic.sock
2025-11-17T09:27:52.738946847Z [Mon Nov 17 09:27:52.738941 2025] [proxy:debug] [pid 46:tid 61] proxy_util.c(2828): [client 10.128.0.22:48946] AH00947: connected /v1/drivers to httpd-UDS:0
2025-11-17T09:27:52.739812088Z [Mon Nov 17 09:27:52.739783 2025] [proxy:debug] [pid 46:tid 59] proxy_util.c(2554): AH00943: http: has released connection for (127.0.0.1)
2025-11-17T09:27:52.739909272Z 10.128.0.22 - - [17/Nov/2025:09:27:52 +0000] "GET /v1 HTTP/1.1" 200 2225 "-" "gophercloud/v1.5.0"
2025-11-17T09:27:52.740275920Z [Mon Nov 17 09:27:52.740225 2025] [ssl:debug] [pid 46:tid 63] ssl_engine_kernel.c(341): [client 10.128.0.22:48966] AH02034: Subsequent (No.2) HTTPS request received for child 13 (server 2620:52:0:2e1a::21:6388)
2025-11-17T09:27:52.740352564Z [Mon Nov 17 09:27:52.740340 2025] [authz_core:debug] [pid 46:tid 63] mod_authz_core.c(815): [client 10.128.0.22:48966] AH01626: authorization result of Require valid-user : denied (no authenticated user yet)
2025-11-17T09:27:52.740373470Z [Mon Nov 17 09:27:52.740364 2025] [authz_core:debug] [pid 46:tid 63] mod_authz_core.c(815): [client 10.128.0.22:48966] AH01626: authorization result of <RequireAny>: denied (no authenticated user yet)
2025-11-17T09:27:52.741036393Z [Mon Nov 17 09:27:52.741022 2025] [authz_core:debug] [pid 46:tid 62] mod_authz_core.c(815): [client 10.128.0.22:48952] AH01626: authorization result of Require valid-user : granted
2025-11-17T09:27:52.741036393Z [Mon Nov 17 09:27:52.741027 2025] [authz_core:debug] [pid 46:tid 62] mod_authz_core.c(815): [client 10.128.0.22:48952] AH01626: authorization result of <RequireAny>: granted
2025-11-17T09:27:52.741050301Z [Mon Nov 17 09:27:52.741036 2025] [proxy:debug] [pid 46:tid 62] mod_proxy.c(1527): [client 10.128.0.22:48952] AH01143: Running scheme http handler (attempt 0)
2025-11-17T09:27:52.741050301Z [Mon Nov 17 09:27:52.741039 2025] [proxy_ajp:debug] [pid 46:tid 62] mod_proxy_ajp.c(780): [client 10.128.0.22:48952] AH00894: declining URL http://127.0.0.1/v1/drivers
2025-11-17T09:27:52.741050301Z [Mon Nov 17 09:27:52.741041 2025] [proxy:debug] [pid 46:tid 62] proxy_util.c(2539): AH00942: http: has acquired connection for (127.0.0.1)
2025-11-17T09:27:52.741050301Z [Mon Nov 17 09:27:52.741043 2025] [proxy:debug] [pid 46:tid 62] proxy_util.c(2602): [client 10.128.0.22:48952] AH00944: connecting http://127.0.0.1/v1/drivers to 127.0.0.1:80
2025-11-17T09:27:52.741050301Z [Mon Nov 17 09:27:52.741046 2025] [proxy:debug] [pid 46:tid 62] proxy_util.c(2638): [client 10.128.0.22:48952] AH02545: http: has determined UDS as /shared/ironic.sock
2025-11-17T09:27:52.741050301Z [Mon Nov 17 09:27:52.741047 2025] [proxy:debug] [pid 46:tid 62] proxy_util.c(2828): [client 10.128.0.22:48952] AH00947: connected /v1/drivers to httpd-UDS:0
2025-11-17T09:27:52.742489232Z [Mon Nov 17 09:27:52.742478 2025] [authz_core:debug] [pid 46:tid 63] mod_authz_core.c(815): [client 10.128.0.22:48966] AH01626: authorization result of Require valid-user : granted
2025-11-17T09:27:52.742509211Z [Mon Nov 17 09:27:52.742501 2025] [authz_core:debug] [pid 46:tid 63] mod_authz_core.c(815): [client 10.128.0.22:48966] AH01626: authorization result of <RequireAny>: granted
2025-11-17T09:27:52.742534373Z [Mon Nov 17 09:27:52.742526 2025] [proxy:debug] [pid 46:tid 63] mod_proxy.c(1527): [client 10.128.0.22:48966] AH01143: Running scheme http handler (attempt 0)
2025-11-17T09:27:52.742550810Z [Mon Nov 17 09:27:52.742543 2025] [proxy_ajp:debug] [pid 46:tid 63] mod_proxy_ajp.c(780): [client 10.128.0.22:48966] AH00894: declining URL http://127.0.0.1/v1/drivers
2025-11-17T09:27:52.742567484Z [Mon Nov 17 09:27:52.742560 2025] [proxy:debug] [pid 46:tid 63] proxy_util.c(2539): AH00942: http: has acquired connection for (127.0.0.1)
2025-11-17T09:27:52.742584921Z [Mon Nov 17 09:27:52.742577 2025] [proxy:debug] [pid 46:tid 63] proxy_util.c(2602): [client 10.128.0.22:48966] AH00944: connecting http://127.0.0.1/v1/drivers to 127.0.0.1:80
2025-11-17T09:27:52.742600444Z [Mon Nov 17 09:27:52.742593 2025] [proxy:debug] [pid 46:tid 63] proxy_util.c(2638): [client 10.128.0.22:48966] AH02545: http: has determined UDS as /shared/ironic.sock
2025-11-17T09:27:52.742616267Z [Mon Nov 17 09:27:52.742609 2025] [proxy:debug] [pid 46:tid 63] proxy_util.c(2828): [client 10.128.0.22:48966] AH00947: connected /v1/drivers to httpd-UDS:0
2025-11-17T09:27:52.748626481Z [Mon Nov 17 09:27:52.748587 2025] [proxy:debug] [pid 46:tid 61] proxy_util.c(2554): AH00943: http: has released connection for (127.0.0.1)
2025-11-17T09:27:52.748693754Z 10.128.0.22 - ironic-user [17/Nov/2025:09:27:52 +0000] "GET /v1/drivers HTTP/1.1" 200 3258 "-" "gophercloud/v1.5.0"
2025-11-17T09:27:52.749622402Z [Mon Nov 17 09:27:52.749599 2025] [ssl:debug] [pid 48:tid 114] ssl_engine_kernel.c(341): [client 10.128.0.22:50994] AH02034: Subsequent (No.3) HTTPS request received for child 138 (server 2620:52:0:2e1a::21:5051)
2025-11-17T09:27:52.749629666Z [Mon Nov 17 09:27:52.749624 2025] [authz_core:debug] [pid 48:tid 114] mod_authz_core.c(815): [client 10.128.0.22:50994] AH01626: authorization result of Require all granted: granted
2025-11-17T09:27:52.749629666Z [Mon Nov 17 09:27:52.749627 2025] [authz_core:debug] [pid 48:tid 114] mod_authz_core.c(815): [client 10.128.0.22:50994] AH01626: authorization result of <RequireAny>: granted
2025-11-17T09:27:52.749645645Z [Mon Nov 17 09:27:52.749635 2025] [proxy:debug] [pid 48:tid 114] mod_proxy.c(1527): [client 10.128.0.22:50994] AH01143: Running scheme http handler (attempt 0)
2025-11-17T09:27:52.749645645Z [Mon Nov 17 09:27:52.749639 2025] [proxy_ajp:debug] [pid 48:tid 114] mod_proxy_ajp.c(780): [client 10.128.0.22:50994] AH00894: declining URL http://127.0.0.1/v1
2025-11-17T09:27:52.749645645Z [Mon Nov 17 09:27:52.749642 2025] [proxy:debug] [pid 48:tid 114] proxy_util.c(2539): AH00942: http: has acquired connection for (127.0.0.1)
2025-11-17T09:27:52.749653234Z [Mon Nov 17 09:27:52.749645 2025] [proxy:debug] [pid 48:tid 114] proxy_util.c(2602): [client 10.128.0.22:50994] AH00944: connecting http://127.0.0.1/v1 to 127.0.0.1:80
2025-11-17T09:27:52.749653234Z [Mon Nov 17 09:27:52.749646 2025] [proxy:debug] [pid 48:tid 114] proxy_util.c(2638): [client 10.128.0.22:50994] AH02545: http: has determined UDS as /shared/inspector.sock
2025-11-17T09:27:52.749653234Z [Mon Nov 17 09:27:52.749648 2025] [proxy:debug] [pid 48:tid 114] proxy_util.c(2828): [client 10.128.0.22:50994] AH00947: connected /v1 to httpd-UDS:0
2025-11-17T09:27:52.750671417Z [Mon Nov 17 09:27:52.750639 2025] [proxy:debug] [pid 48:tid 114] proxy_util.c(2554): AH00943: http: has released connection for (127.0.0.1)
2025-11-17T09:27:52.750918890Z 10.128.0.22 - - [17/Nov/2025:09:27:52 +0000] "GET /v1 HTTP/1.1" 200 413 "-" "gophercloud/v1.5.0"
2025-11-17T09:27:52.769260311Z [Mon Nov 17 09:27:52.769228 2025] [proxy:debug] [pid 46:tid 63] proxy_util.c(2554): AH00943: http: has released connection for (127.0.0.1)
2025-11-17T09:27:52.769413073Z 10.128.0.22 - ironic-user [17/Nov/2025:09:27:52 +0000] "GET /v1/drivers HTTP/1.1" 200 3258 "-" "gophercloud/v1.5.0"
2025-11-17T09:27:52.770307592Z [Mon Nov 17 09:27:52.769731 2025] [ssl:debug] [pid 46:tid 64] ssl_engine_io.c(1151): [client 10.128.0.22:48966] AH02001: Connection closed to child 14 with standard shutdown (server 2620:52:0:2e1a::21:6388)
2025-11-17T09:27:52.770411376Z [Mon Nov 17 09:27:52.770383 2025] [ssl:debug] [pid 48:tid 115] ssl_engine_kernel.c(341): [client 10.128.0.22:50994] AH02034: Subsequent (No.4) HTTPS request received for child 139 (server 2620:52:0:2e1a::21:5051)
2025-11-17T09:27:52.770417691Z [Mon Nov 17 09:27:52.770399 2025] [proxy:debug] [pid 46:tid 62] proxy_util.c(2554): AH00943: http: has released connection for (127.0.0.1)
2025-11-17T09:27:52.770423873Z [Mon Nov 17 09:27:52.770417 2025] [authz_core:debug] [pid 48:tid 115] mod_authz_core.c(815): [client 10.128.0.22:50994] AH01626: authorization result of Require all granted: granted
2025-11-17T09:27:52.770423873Z [Mon Nov 17 09:27:52.770421 2025] [authz_core:debug] [pid 48:tid 115] mod_authz_core.c(815): [client 10.128.0.22:50994] AH01626: authorization result of <RequireAny>: granted
2025-11-17T09:27:52.770447607Z [Mon Nov 17 09:27:52.770436 2025] [proxy:debug] [pid 48:tid 115] mod_proxy.c(1527): [client 10.128.0.22:50994] AH01143: Running scheme http handler (attempt 0)
2025-11-17T09:27:52.770447607Z [Mon Nov 17 09:27:52.770442 2025] [proxy_ajp:debug] [pid 48:tid 115] mod_proxy_ajp.c(780): [client 10.128.0.22:50994] AH00894: declining URL http://127.0.0.1/v1
2025-11-17T09:27:52.770454505Z [Mon Nov 17 09:27:52.770445 2025] [proxy:debug] [pid 48:tid 115] proxy_util.c(2539): AH00942: http: has acquired connection for (127.0.0.1)
2025-11-17T09:27:52.770454505Z [Mon Nov 17 09:27:52.770449 2025] [proxy:debug] [pid 48:tid 115] proxy_util.c(2602): [client 10.128.0.22:50994] AH00944: connecting http://127.0.0.1/v1 to 127.0.0.1:80
2025-11-17T09:27:52.770460677Z [Mon Nov 17 09:27:52.770452 2025] [proxy:debug] [pid 48:tid 115] proxy_util.c(2638): [client 10.128.0.22:50994] AH02545: http: has determined UDS as /shared/inspector.sock
2025-11-17T09:27:52.770460677Z [Mon Nov 17 09:27:52.770455 2025] [proxy:debug] [pid 48:tid 115] proxy_util.c(2828): [client 10.128.0.22:50994] AH00947: connected /v1 to httpd-UDS:0
2025-11-17T09:27:52.770509688Z 10.128.0.22 - ironic-user [17/Nov/2025:09:27:52 +0000] "GET /v1/drivers HTTP/1.1" 200 3258 "-" "gophercloud/v1.5.0"
2025-11-17T09:27:52.770945052Z [Mon Nov 17 09:27:52.770921 2025] [ssl:debug] [pid 46:tid 65] ssl_engine_io.c(1151): [client 10.128.0.22:48952] AH02001: Connection closed to child 15 with standard shutdown (server 2620:52:0:2e1a::21:6388)
2025-11-17T09:27:52.771723361Z [Mon Nov 17 09:27:52.771682 2025] [proxy:debug] [pid 48:tid 115] proxy_util.c(2554): AH00943: http: has released connection for (127.0.0.1)
2025-11-17T09:27:52.771799697Z 10.128.0.22 - - [17/Nov/2025:09:27:52 +0000] "GET /v1 HTTP/1.1" 200 413 "-" "gophercloud/v1.5.0"
2025-11-17T09:27:52.772202972Z [Mon Nov 17 09:27:52.772178 2025] [ssl:debug] [pid 48:tid 116] ssl_engine_kernel.c(341): [client 10.128.0.22:50994] AH02034: Subsequent (No.5) HTTPS request received for child 140 (server 2620:52:0:2e1a::21:5051)
2025-11-17T09:27:52.772214758Z [Mon Nov 17 09:27:52.772209 2025] [authz_core:debug] [pid 48:tid 116] mod_authz_core.c(815): [client 10.128.0.22:50994] AH01626: authorization result of Require all granted: granted
2025-11-17T09:27:52.772214758Z [Mon Nov 17 09:27:52.772212 2025] [authz_core:debug] [pid 48:tid 116] mod_authz_core.c(815): [client 10.128.0.22:50994] AH01626: authorization result of <RequireAny>: granted
2025-11-17T09:27:52.772260928Z [Mon Nov 17 09:27:52.772222 2025] [proxy:debug] [pid 48:tid 116] mod_proxy.c(1527): [client 10.128.0.22:50994] AH01143: Running scheme http handler (attempt 0)
2025-11-17T09:27:52.772260928Z [Mon Nov 17 09:27:52.772224 2025] [proxy_ajp:debug] [pid 48:tid 116] mod_proxy_ajp.c(780): [client 10.128.0.22:50994] AH00894: declining URL http://127.0.0.1/v1
2025-11-17T09:27:52.772260928Z [Mon Nov 17 09:27:52.772226 2025] [proxy:debug] [pid 48:tid 116] proxy_util.c(2539): AH00942: http: has acquired connection for (127.0.0.1)
2025-11-17T09:27:52.772260928Z [Mon Nov 17 09:27:52.772229 2025] [proxy:debug] [pid 48:tid 116] proxy_util.c(2602): [client 10.128.0.22:50994] AH00944: connecting http://127.0.0.1/v1 to 127.0.0.1:80
